config_path: /root/xue/project/config/parameterConfiguration.xml (cwd=/root/xue)
Configuration Parameters:
  AlignedSize: 4096 bytes
  UnitSize: 8192 bytes
  BlockSize: 1048576 bytes
  alpha: 2
  z: 2
  n: 14
  k: 10
  r: 2
  (n, k, r, z): (14, 10, 2, 2)
  DatanodeNumPerCluster: 8 nodes/cluster
  ClusterNum: 6 clusters
  CoordinatorIP: 172.16.2.32
  CoordinatorPort: 55555
  AppendMode: UNILRC_MODE
  CodeType: RandomLRC
  ClientStripeNum: 1000
  ParixPlacementSeed: 12345 (0 = non-deterministic master pick per call)
[client2] client_id=172.16.2.31:77779
[client2] coordinator=172.16.2.32:55555
Hello Client ID: 172.16.2.31:77779
[client2] batch_file=/root/xue/tmp/parix_batch_split_2.log ClientStripeNum=1000
[client2] skip-set: assuming stripes already initialized
[client2] auto-y: starting batch update
Parix batch update from file: /root/xue/tmp/parix_batch_split_2.log
Line format: stripe_id range_count start0 end0 [start1 end1 ...]  (# and empty lines skipped)
Each range is logical half-open [start, end) in [0, k*BlockSize).
--- request #1 (file line 3) stripe_id=2 ranges=4 ---
[Client][Parix] parixScheduleDataUpdate failed
[batch line 3] parix update failed, skip. latency=91.9915 s (excluded from total and average time)
--- request #2 (file line 4) stripe_id=6 ranges=5 ---
[Client][Parix] commitParixBatch -> coordinator (parity flush is journal-threshold driven on proxies)
[Client][Parix] partial update committed batch_id=28
[batch line 4] parix update success stripe_id=6 latency=0.154741 s
--- request #3 (file line 5) stripe_id=10 ranges=4 ---
[Client][Parix] commitParixBatch -> coordinator (parity flush is journal-threshold driven on proxies)
[Client][Parix] partial update committed batch_id=29
[batch line 5] parix update success stripe_id=10 latency=0.162316 s
--- request #4 (file line 6) stripe_id=14 ranges=5 ---
[Client][Parix] commitParixBatch -> coordinator (parity flush is journal-threshold driven on proxies)
[Client][Parix] partial update committed batch_id=30
[batch line 6] parix update success stripe_id=14 latency=0.165529 s
--- request #5 (file line 7) stripe_id=18 ranges=4 ---
[Client][Parix] commitParixBatch -> coordinator (parity flush is journal-threshold driven on proxies)
[Client][Parix] partial update committed batch_id=31
[batch line 7] parix update success stripe_id=18 latency=0.137271 s
--- request #6 (file line 8) stripe_id=22 ranges=5 ---
[Client][Parix] commitParixBatch -> coordinator (parity flush is journal-threshold driven on proxies)
[Client][Parix] partial update committed batch_id=32
[batch line 8] parix update success stripe_id=22 latency=0.15434 s
--- request #7 (file line 9) stripe_id=26 ranges=4 ---
[Client][Parix] commitParixBatch -> coordinator (parity flush is journal-threshold driven on proxies)
[Client][Parix] partial update committed batch_id=33
[batch line 9] parix update success stripe_id=26 latency=0.152826 s
--- request #8 (file line 10) stripe_id=30 ranges=4 ---
[Client][Parix] commitParixBatch -> coordinator (parity flush is journal-threshold driven on proxies)
[Client][Parix] partial update committed batch_id=34
[batch line 10] parix update success stripe_id=30 latency=0.119708 s
--- request #9 (file line 11) stripe_id=34 ranges=5 ---
[Client][Parix] commitParixBatch -> coordinator (parity flush is journal-threshold driven on proxies)
[Client][Parix] partial update committed batch_id=35
[batch line 11] parix update success stripe_id=34 latency=0.160476 s
--- request #10 (file line 12) stripe_id=38 ranges=5 ---
[Client][Parix] commitParixBatch -> coordinator (parity flush is journal-threshold driven on proxies)
[Client][Parix] partial update committed batch_id=36
[batch line 12] parix update success stripe_id=38 latency=0.179489 s
--- request #11 (file line 13) stripe_id=42 ranges=5 ---
[Client][Parix] commitParixBatch -> coordinator (parity flush is journal-threshold driven on proxies)
[Client][Parix] partial update committed batch_id=37
[batch line 13] parix update success stripe_id=42 latency=0.181525 s
[client2] progress success=10 failed=1
--- request #12 (file line 14) stripe_id=46 ranges=6 ---
[Client][Parix] commitParixBatch -> coordinator (parity flush is journal-threshold driven on proxies)
[Client][Parix] partial update committed batch_id=38
[batch line 14] parix update success stripe_id=46 latency=0.202143 s
--- request #13 (file line 15) stripe_id=50 ranges=6 ---
[Client][Parix] commitParixBatch -> coordinator (parity flush is journal-threshold driven on proxies)
[Client][Parix] partial update committed batch_id=39
[batch line 15] parix update success stripe_id=50 latency=0.203441 s
--- request #14 (file line 16) stripe_id=54 ranges=6 ---
[Client][Parix] commitParixBatch -> coordinator (parity flush is journal-threshold driven on proxies)
[Client][Parix] partial update committed batch_id=40
[batch line 16] parix update success stripe_id=54 latency=0.224952 s
--- request #15 (file line 17) stripe_id=58 ranges=4 ---
[Client][Parix] commitParixBatch -> coordinator (parity flush is journal-threshold driven on proxies)
[Client][Parix] partial update committed batch_id=41
[batch line 17] parix update success stripe_id=58 latency=0.144235 s
--- request #16 (file line 18) stripe_id=62 ranges=5 ---
[Client][Parix] commitParixBatch -> coordinator (parity flush is journal-threshold driven on proxies)
[Client][Parix] partial update committed batch_id=42
[batch line 18] parix update success stripe_id=62 latency=0.189254 s
--- request #17 (file line 19) stripe_id=66 ranges=5 ---
[Client][Parix] commitParixBatch -> coordinator (parity flush is journal-threshold driven on proxies)
[Client][Parix] partial update committed batch_id=43
[batch line 19] parix update success stripe_id=66 latency=0.175747 s
--- request #18 (file line 20) stripe_id=70 ranges=5 ---
[Client][Parix] commitParixBatch -> coordinator (parity flush is journal-threshold driven on proxies)
[Client][Parix] partial update committed batch_id=44
[batch line 20] parix update success stripe_id=70 latency=0.181092 s
--- request #19 (file line 21) stripe_id=74 ranges=5 ---
[Client][Parix] commitParixBatch -> coordinator (parity flush is journal-threshold driven on proxies)
[Client][Parix] partial update committed batch_id=45
[batch line 21] parix update success stripe_id=74 latency=0.144119 s
--- request #20 (file line 22) stripe_id=78 ranges=6 ---
[Client][Parix] commitParixBatch -> coordinator (parity flush is journal-threshold driven on proxies)
[Client][Parix] partial update committed batch_id=46
[batch line 22] parix update success stripe_id=78 latency=0.207718 s
--- request #21 (file line 23) stripe_id=82 ranges=5 ---
[Client][Parix] commitParixBatch -> coordinator (parity flush is journal-threshold driven on proxies)
[Client][Parix] partial update committed batch_id=47
[batch line 23] parix update success stripe_id=82 latency=0.1445 s
[client2] progress success=20 failed=1
--- request #22 (file line 24) stripe_id=86 ranges=6 ---
[Client][Parix] commitParixBatch -> coordinator (parity flush is journal-threshold driven on proxies)
[Client][Parix] partial update committed batch_id=48
[batch line 24] parix update success stripe_id=86 latency=0.206376 s
--- request #23 (file line 25) stripe_id=90 ranges=5 ---
[Client][Parix] commitParixBatch -> coordinator (parity flush is journal-threshold driven on proxies)
[Client][Parix] partial update committed batch_id=49
[batch line 25] parix update success stripe_id=90 latency=0.174059 s
--- request #24 (file line 26) stripe_id=94 ranges=6 ---
[Client][Parix] commitParixBatch -> coordinator (parity flush is journal-threshold driven on proxies)
[Client][Parix] partial update committed batch_id=50
[batch line 26] parix update success stripe_id=94 latency=0.199277 s
--- request #25 (file line 27) stripe_id=98 ranges=5 ---
[Client][Parix] commitParixBatch -> coordinator (parity flush is journal-threshold driven on proxies)
[Client][Parix] partial update committed batch_id=51
[batch line 27] parix update success stripe_id=98 latency=0.170952 s
--- request #26 (file line 28) stripe_id=102 ranges=5 ---
[Client][Parix] commitParixBatch -> coordinator (parity flush is journal-threshold driven on proxies)
[Client][Parix] partial update committed batch_id=52
[batch line 28] parix update success stripe_id=102 latency=0.129199 s
--- request #27 (file line 29) stripe_id=106 ranges=5 ---
[Client][Parix] commitParixBatch -> coordinator (parity flush is journal-threshold driven on proxies)
[Client][Parix] partial update committed batch_id=53
[batch line 29] parix update success stripe_id=106 latency=0.153993 s
--- request #28 (file line 30) stripe_id=110 ranges=6 ---
[Client][Parix] commitParixBatch -> coordinator (parity flush is journal-threshold driven on proxies)
[Client][Parix] partial update committed batch_id=54
[batch line 30] parix update success stripe_id=110 latency=0.220638 s
--- request #29 (file line 31) stripe_id=114 ranges=6 ---
[Client][Parix] commitParixBatch -> coordinator (parity flush is journal-threshold driven on proxies)
[Client][Parix] partial update committed batch_id=55
[batch line 31] parix update success stripe_id=114 latency=0.182343 s
--- request #30 (file line 32) stripe_id=118 ranges=5 ---
[Client][Parix] commitParixBatch -> coordinator (parity flush is journal-threshold driven on proxies)
[Client][Parix] partial update committed batch_id=56
[batch line 32] parix update success stripe_id=118 latency=0.177533 s
--- request #31 (file line 33) stripe_id=122 ranges=5 ---
[Client][Parix] commitParixBatch -> coordinator (parity flush is journal-threshold driven on proxies)
[Client][Parix] partial update committed batch_id=57
[batch line 33] parix update success stripe_id=122 latency=0.142301 s
[client2] progress success=30 failed=1
--- request #32 (file line 34) stripe_id=126 ranges=5 ---
[Client][Parix] commitParixBatch -> coordinator (parity flush is journal-threshold driven on proxies)
[Client][Parix] partial update committed batch_id=58
[batch line 34] parix update success stripe_id=126 latency=0.17774 s
--- request #33 (file line 35) stripe_id=130 ranges=6 ---
[Client][Parix] commitParixBatch -> coordinator (parity flush is journal-threshold driven on proxies)
[Client][Parix] partial update committed batch_id=59
[batch line 35] parix update success stripe_id=130 latency=0.182231 s
--- request #34 (file line 36) stripe_id=134 ranges=3 ---
[Client][Parix] commitParixBatch -> coordinator (parity flush is journal-threshold driven on proxies)
[Client][Parix] partial update committed batch_id=60
[batch line 36] parix update success stripe_id=134 latency=0.125935 s
--- request #35 (file line 37) stripe_id=138 ranges=5 ---
[Client][Parix] commitParixBatch -> coordinator (parity flush is journal-threshold driven on proxies)
[Client][Parix] partial update committed batch_id=61
[batch line 37] parix update success stripe_id=138 latency=0.171195 s
--- request #36 (file line 38) stripe_id=142 ranges=5 ---
[Client][Parix] commitParixBatch -> coordinator (parity flush is journal-threshold driven on proxies)
[Client][Parix] partial update committed batch_id=62
[batch line 38] parix update success stripe_id=142 latency=0.184709 s
--- request #37 (file line 39) stripe_id=146 ranges=5 ---
[Client][Parix] commitParixBatch -> coordinator (parity flush is journal-threshold driven on proxies)
[Client][Parix] partial update committed batch_id=63
[batch line 39] parix update success stripe_id=146 latency=0.146467 s
--- request #38 (file line 40) stripe_id=150 ranges=4 ---
[Client][Parix] commitParixBatch -> coordinator (parity flush is journal-threshold driven on proxies)
[Client][Parix] partial update committed batch_id=64
[batch line 40] parix update success stripe_id=150 latency=0.142701 s
--- request #39 (file line 41) stripe_id=154 ranges=6 ---
[Client][Parix] commitParixBatch -> coordinator (parity flush is journal-threshold driven on proxies)
[Client][Parix] partial update committed batch_id=65
[batch line 41] parix update success stripe_id=154 latency=0.187834 s
--- request #40 (file line 42) stripe_id=158 ranges=4 ---
[Client][Parix] commitParixBatch -> coordinator (parity flush is journal-threshold driven on proxies)
[Client][Parix] partial update committed batch_id=66
[batch line 42] parix update success stripe_id=158 latency=0.144561 s
--- request #41 (file line 43) stripe_id=162 ranges=5 ---
[Client][Parix] commitParixBatch -> coordinator (parity flush is journal-threshold driven on proxies)
[Client][Parix] partial update committed batch_id=67
[batch line 43] parix update success stripe_id=162 latency=0.185189 s
[client2] progress success=40 failed=1
--- request #42 (file line 44) stripe_id=166 ranges=5 ---
[Client][Parix] commitParixBatch -> coordinator (parity flush is journal-threshold driven on proxies)
[Client][Parix] partial update committed batch_id=68
[batch line 44] parix update success stripe_id=166 latency=0.15519 s
--- request #43 (file line 45) stripe_id=170 ranges=5 ---
[Client][Parix] commitParixBatch -> coordinator (parity flush is journal-threshold driven on proxies)
[Client][Parix] partial update committed batch_id=69
[batch line 45] parix update success stripe_id=170 latency=0.145107 s
--- request #44 (file line 46) stripe_id=174 ranges=5 ---
[Client][Parix] commitParixBatch -> coordinator (parity flush is journal-threshold driven on proxies)
[Client][Parix] partial update committed batch_id=70
[batch line 46] parix update success stripe_id=174 latency=0.172092 s
--- request #45 (file line 47) stripe_id=178 ranges=6 ---
[Client][Parix] commitParixBatch -> coordinator (parity flush is journal-threshold driven on proxies)
[Client][Parix] partial update committed batch_id=71
[batch line 47] parix update success stripe_id=178 latency=0.15437 s
--- request #46 (file line 48) stripe_id=182 ranges=5 ---
[Client][Parix] commitParixBatch -> coordinator (parity flush is journal-threshold driven on proxies)
[Client][Parix] partial update committed batch_id=72
[batch line 48] parix update success stripe_id=182 latency=0.168588 s
--- request #47 (file line 49) stripe_id=186 ranges=6 ---
[Client][Parix] commitParixBatch -> coordinator (parity flush is journal-threshold driven on proxies)
[Client][Parix] partial update committed batch_id=73
[batch line 49] parix update success stripe_id=186 latency=0.168716 s
--- request #48 (file line 50) stripe_id=190 ranges=5 ---
[Client][Parix] commitParixBatch -> coordinator (parity flush is journal-threshold driven on proxies)
[Client][Parix] partial update committed batch_id=74
[batch line 50] parix update success stripe_id=190 latency=0.169517 s
--- request #49 (file line 51) stripe_id=194 ranges=6 ---
[Client][Parix] commitParixBatch -> coordinator (parity flush is journal-threshold driven on proxies)
[Client][Parix] partial update committed batch_id=75
[batch line 51] parix update success stripe_id=194 latency=0.214902 s
--- request #50 (file line 52) stripe_id=198 ranges=6 ---
[Client][Parix] commitParixBatch -> coordinator (parity flush is journal-threshold driven on proxies)
[Client][Parix] partial update committed batch_id=76
[batch line 52] parix update success stripe_id=198 latency=0.193509 s
--- request #51 (file line 53) stripe_id=202 ranges=4 ---
[Client][Parix] commitParixBatch -> coordinator (parity flush is journal-threshold driven on proxies)
[Client][Parix] partial update committed batch_id=77
[batch line 53] parix update success stripe_id=202 latency=0.134801 s
[client2] progress success=50 failed=1
--- request #52 (file line 54) stripe_id=206 ranges=6 ---
[Client][Parix] commitParixBatch -> coordinator (parity flush is journal-threshold driven on proxies)
[Client][Parix] partial update committed batch_id=78
[batch line 54] parix update success stripe_id=206 latency=0.190568 s
--- request #53 (file line 55) stripe_id=210 ranges=4 ---
[Client][Parix] commitParixBatch -> coordinator (parity flush is journal-threshold driven on proxies)
[Client][Parix] partial update committed batch_id=79
[batch line 55] parix update success stripe_id=210 latency=0.118561 s
--- request #54 (file line 56) stripe_id=214 ranges=6 ---
[Client][Parix] commitParixBatch -> coordinator (parity flush is journal-threshold driven on proxies)
[Client][Parix] partial update committed batch_id=80
[batch line 56] parix update success stripe_id=214 latency=0.241465 s
--- request #55 (file line 57) stripe_id=218 ranges=5 ---
[Client][Parix] commitParixBatch -> coordinator (parity flush is journal-threshold driven on proxies)
[Client][Parix] partial update committed batch_id=81
[batch line 57] parix update success stripe_id=218 latency=0.132208 s
--- request #56 (file line 58) stripe_id=222 ranges=5 ---
[Client][Parix] commitParixBatch -> coordinator (parity flush is journal-threshold driven on proxies)
[Client][Parix] partial update committed batch_id=82
[batch line 58] parix update success stripe_id=222 latency=0.171116 s
--- request #57 (file line 59) stripe_id=226 ranges=5 ---
[Client][Parix] commitParixBatch -> coordinator (parity flush is journal-threshold driven on proxies)
[Client][Parix] partial update committed batch_id=83
[batch line 59] parix update success stripe_id=226 latency=0.159624 s
--- request #58 (file line 60) stripe_id=230 ranges=5 ---
[Client][Parix] commitParixBatch -> coordinator (parity flush is journal-threshold driven on proxies)
[Client][Parix] partial update committed batch_id=84
[batch line 60] parix update success stripe_id=230 latency=0.161308 s
--- request #59 (file line 61) stripe_id=234 ranges=5 ---
[Client][Parix] commitParixBatch -> coordinator (parity flush is journal-threshold driven on proxies)
[Client][Parix] partial update committed batch_id=85
[batch line 61] parix update success stripe_id=234 latency=0.1967 s
--- request #60 (file line 62) stripe_id=238 ranges=4 ---
[Client][Parix] commitParixBatch -> coordinator (parity flush is journal-threshold driven on proxies)
[Client][Parix] partial update committed batch_id=86
[batch line 62] parix update success stripe_id=238 latency=0.119917 s
--- request #61 (file line 63) stripe_id=242 ranges=5 ---
[Client][Parix] commitParixBatch -> coordinator (parity flush is journal-threshold driven on proxies)
[Client][Parix] partial update committed batch_id=87
[batch line 63] parix update success stripe_id=242 latency=0.158658 s
[client2] progress success=60 failed=1
--- request #62 (file line 64) stripe_id=246 ranges=4 ---
[Client][Parix] commitParixBatch -> coordinator (parity flush is journal-threshold driven on proxies)
[Client][Parix] partial update committed batch_id=88
[batch line 64] parix update success stripe_id=246 latency=0.112888 s
--- request #63 (file line 65) stripe_id=250 ranges=5 ---
[Client][Parix] commitParixBatch -> coordinator (parity flush is journal-threshold driven on proxies)
[Client][Parix] partial update committed batch_id=89
[batch line 65] parix update success stripe_id=250 latency=0.173491 s
--- request #64 (file line 66) stripe_id=254 ranges=4 ---
[Client][Parix] commitParixBatch -> coordinator (parity flush is journal-threshold driven on proxies)
[Client][Parix] partial update committed batch_id=90
[batch line 66] parix update success stripe_id=254 latency=0.142095 s
--- request #65 (file line 67) stripe_id=258 ranges=3 ---
[Client][Parix] commitParixBatch -> coordinator (parity flush is journal-threshold driven on proxies)
[Client][Parix] partial update committed batch_id=91
[batch line 67] parix update success stripe_id=258 latency=0.102293 s
--- request #66 (file line 68) stripe_id=262 ranges=5 ---
[Client][Parix] commitParixBatch -> coordinator (parity flush is journal-threshold driven on proxies)
[Client][Parix] partial update committed batch_id=92
[batch line 68] parix update success stripe_id=262 latency=0.179894 s
--- request #67 (file line 69) stripe_id=266 ranges=6 ---
[Client][Parix] commitParixBatch -> coordinator (parity flush is journal-threshold driven on proxies)
[Client][Parix] partial update committed batch_id=93
[batch line 69] parix update success stripe_id=266 latency=0.212056 s
--- request #68 (file line 70) stripe_id=270 ranges=7 ---
[Client][Parix] commitParixBatch -> coordinator (parity flush is journal-threshold driven on proxies)
[Client][Parix] partial update committed batch_id=94
[batch line 70] parix update success stripe_id=270 latency=0.220732 s
--- request #69 (file line 71) stripe_id=274 ranges=5 ---
[Client][Parix] commitParixBatch -> coordinator (parity flush is journal-threshold driven on proxies)
[Client][Parix] partial update committed batch_id=95
[batch line 71] parix update success stripe_id=274 latency=0.162892 s
--- request #70 (file line 72) stripe_id=278 ranges=4 ---
[Client][Parix] commitParixBatch -> coordinator (parity flush is journal-threshold driven on proxies)
[Client][Parix] partial update committed batch_id=96
[batch line 72] parix update success stripe_id=278 latency=0.150123 s
--- request #71 (file line 73) stripe_id=282 ranges=5 ---
[Client][Parix] commitParixBatch -> coordinator (parity flush is journal-threshold driven on proxies)
[Client][Parix] partial update committed batch_id=97
[batch line 73] parix update success stripe_id=282 latency=0.171992 s
[client2] progress success=70 failed=1
--- request #72 (file line 74) stripe_id=286 ranges=3 ---
[Client][Parix] commitParixBatch -> coordinator (parity flush is journal-threshold driven on proxies)
[Client][Parix] partial update committed batch_id=98
[batch line 74] parix update success stripe_id=286 latency=0.10408 s
--- request #73 (file line 75) stripe_id=290 ranges=6 ---
[Client][Parix] commitParixBatch -> coordinator (parity flush is journal-threshold driven on proxies)
[Client][Parix] partial update committed batch_id=99
[batch line 75] parix update success stripe_id=290 latency=0.192356 s
--- request #74 (file line 76) stripe_id=294 ranges=5 ---
[Client][Parix] commitParixBatch -> coordinator (parity flush is journal-threshold driven on proxies)
[Client][Parix] partial update committed batch_id=100
[batch line 76] parix update success stripe_id=294 latency=0.156814 s
--- request #75 (file line 77) stripe_id=298 ranges=5 ---
[Client][Parix] commitParixBatch -> coordinator (parity flush is journal-threshold driven on proxies)
[Client][Parix] partial update committed batch_id=101
[batch line 77] parix update success stripe_id=298 latency=0.172775 s
--- request #76 (file line 78) stripe_id=302 ranges=5 ---
[Client][Parix] commitParixBatch -> coordinator (parity flush is journal-threshold driven on proxies)
[Client][Parix] partial update committed batch_id=102
[batch line 78] parix update success stripe_id=302 latency=0.212362 s
--- request #77 (file line 79) stripe_id=306 ranges=4 ---
[Client][Parix] commitParixBatch -> coordinator (parity flush is journal-threshold driven on proxies)
[Client][Parix] partial update committed batch_id=103
[batch line 79] parix update success stripe_id=306 latency=0.122226 s
--- request #78 (file line 80) stripe_id=310 ranges=7 ---
[Client][Parix] commitParixBatch -> coordinator (parity flush is journal-threshold driven on proxies)
[Client][Parix] partial update committed batch_id=104
[batch line 80] parix update success stripe_id=310 latency=0.267906 s
--- request #79 (file line 81) stripe_id=314 ranges=5 ---
[Client][Parix] commitParixBatch -> coordinator (parity flush is journal-threshold driven on proxies)
[Client][Parix] partial update committed batch_id=105
[batch line 81] parix update success stripe_id=314 latency=0.159857 s
--- request #80 (file line 82) stripe_id=318 ranges=5 ---
[Client][Parix] commitParixBatch -> coordinator (parity flush is journal-threshold driven on proxies)
[Client][Parix] partial update committed batch_id=106
[batch line 82] parix update success stripe_id=318 latency=0.177695 s
--- request #81 (file line 83) stripe_id=322 ranges=6 ---
[Client][Parix] commitParixBatch -> coordinator (parity flush is journal-threshold driven on proxies)
[Client][Parix] partial update committed batch_id=107
[batch line 83] parix update success stripe_id=322 latency=0.213767 s
[client2] progress success=80 failed=1
--- request #82 (file line 84) stripe_id=326 ranges=5 ---
[Client][Parix] commitParixBatch -> coordinator (parity flush is journal-threshold driven on proxies)
[Client][Parix] partial update committed batch_id=108
[batch line 84] parix update success stripe_id=326 latency=0.191513 s
--- request #83 (file line 85) stripe_id=330 ranges=5 ---
[Client][Parix] commitParixBatch -> coordinator (parity flush is journal-threshold driven on proxies)
[Client][Parix] partial update committed batch_id=109
[batch line 85] parix update success stripe_id=330 latency=0.184054 s
--- request #84 (file line 86) stripe_id=334 ranges=4 ---
[Client][Parix] commitParixBatch -> coordinator (parity flush is journal-threshold driven on proxies)
[Client][Parix] partial update committed batch_id=110
[batch line 86] parix update success stripe_id=334 latency=0.158362 s
--- request #85 (file line 87) stripe_id=338 ranges=5 ---
[Client][Parix] commitParixBatch -> coordinator (parity flush is journal-threshold driven on proxies)
[Client][Parix] partial update committed batch_id=111
[batch line 87] parix update success stripe_id=338 latency=0.195647 s
--- request #86 (file line 88) stripe_id=342 ranges=3 ---
[Client][Parix] commitParixBatch -> coordinator (parity flush is journal-threshold driven on proxies)
[Client][Parix] partial update committed batch_id=112
[batch line 88] parix update success stripe_id=342 latency=0.0997323 s
--- request #87 (file line 89) stripe_id=346 ranges=6 ---
[Client][Parix] commitParixBatch -> coordinator (parity flush is journal-threshold driven on proxies)
[Client][Parix] partial update committed batch_id=113
[batch line 89] parix update success stripe_id=346 latency=0.198138 s
--- request #88 (file line 90) stripe_id=350 ranges=5 ---
[Client][Parix] commitParixBatch -> coordinator (parity flush is journal-threshold driven on proxies)
[Client][Parix] partial update committed batch_id=114
[batch line 90] parix update success stripe_id=350 latency=0.144624 s
--- request #89 (file line 91) stripe_id=354 ranges=6 ---
[Client][Parix] commitParixBatch -> coordinator (parity flush is journal-threshold driven on proxies)
[Client][Parix] partial update committed batch_id=115
[batch line 91] parix update success stripe_id=354 latency=0.210954 s
--- request #90 (file line 92) stripe_id=358 ranges=5 ---
[Client][Parix] commitParixBatch -> coordinator (parity flush is journal-threshold driven on proxies)
[Client][Parix] partial update committed batch_id=116
[batch line 92] parix update success stripe_id=358 latency=0.13705 s
--- request #91 (file line 93) stripe_id=362 ranges=6 ---
[Client][Parix] commitParixBatch -> coordinator (parity flush is journal-threshold driven on proxies)
[Client][Parix] partial update committed batch_id=117
[batch line 93] parix update success stripe_id=362 latency=0.227256 s
[client2] progress success=90 failed=1
--- request #92 (file line 94) stripe_id=366 ranges=6 ---
[Client][Parix] commitParixBatch -> coordinator (parity flush is journal-threshold driven on proxies)
[Client][Parix] partial update committed batch_id=118
[batch line 94] parix update success stripe_id=366 latency=0.190644 s
--- request #93 (file line 95) stripe_id=370 ranges=4 ---
[Client][Parix] commitParixBatch -> coordinator (parity flush is journal-threshold driven on proxies)
[Client][Parix] partial update committed batch_id=119
[batch line 95] parix update success stripe_id=370 latency=0.121454 s
--- request #94 (file line 96) stripe_id=374 ranges=5 ---
[Client][Parix] commitParixBatch -> coordinator (parity flush is journal-threshold driven on proxies)
[Client][Parix] partial update committed batch_id=120
[batch line 96] parix update success stripe_id=374 latency=0.160404 s
--- request #95 (file line 97) stripe_id=378 ranges=4 ---
[Client][Parix] commitParixBatch -> coordinator (parity flush is journal-threshold driven on proxies)
[Client][Parix] partial update committed batch_id=121
[batch line 97] parix update success stripe_id=378 latency=0.113051 s
--- request #96 (file line 98) stripe_id=382 ranges=4 ---
[Client][Parix] commitParixBatch -> coordinator (parity flush is journal-threshold driven on proxies)
[Client][Parix] partial update committed batch_id=122
[batch line 98] parix update success stripe_id=382 latency=0.118187 s
--- request #97 (file line 99) stripe_id=386 ranges=5 ---
[Client][Parix] commitParixBatch -> coordinator (parity flush is journal-threshold driven on proxies)
[Client][Parix] partial update committed batch_id=123
[batch line 99] parix update success stripe_id=386 latency=0.170967 s
--- request #98 (file line 100) stripe_id=390 ranges=5 ---
[Client][Parix] commitParixBatch -> coordinator (parity flush is journal-threshold driven on proxies)
[Client][Parix] partial update committed batch_id=124
[batch line 100] parix update success stripe_id=390 latency=0.172535 s
--- request #99 (file line 101) stripe_id=394 ranges=6 ---
[Client][Parix] commitParixBatch -> coordinator (parity flush is journal-threshold driven on proxies)
[Client][Parix] partial update committed batch_id=125
[batch line 101] parix update success stripe_id=394 latency=0.228113 s
--- request #100 (file line 102) stripe_id=398 ranges=4 ---
[Client][Parix] commitParixBatch -> coordinator (parity flush is journal-threshold driven on proxies)
[Client][Parix] partial update committed batch_id=126
[batch line 102] parix update success stripe_id=398 latency=0.120513 s
--- request #101 (file line 103) stripe_id=402 ranges=5 ---
[Client][Parix] commitParixBatch -> coordinator (parity flush is journal-threshold driven on proxies)
[Client][Parix] partial update committed batch_id=127
[batch line 103] parix update success stripe_id=402 latency=0.158628 s
[client2] progress success=100 failed=1
--- request #102 (file line 104) stripe_id=406 ranges=4 ---
[Client][Parix] commitParixBatch -> coordinator (parity flush is journal-threshold driven on proxies)
[Client][Parix] partial update committed batch_id=128
[batch line 104] parix update success stripe_id=406 latency=0.147569 s
--- request #103 (file line 105) stripe_id=410 ranges=6 ---
[Client][Parix] commitParixBatch -> coordinator (parity flush is journal-threshold driven on proxies)
[Client][Parix] partial update committed batch_id=129
[batch line 105] parix update success stripe_id=410 latency=0.18843 s
--- request #104 (file line 106) stripe_id=414 ranges=4 ---
[Client][Parix] commitParixBatch -> coordinator (parity flush is journal-threshold driven on proxies)
[Client][Parix] partial update committed batch_id=130
[batch line 106] parix update success stripe_id=414 latency=0.14038 s
--- request #105 (file line 107) stripe_id=418 ranges=5 ---
[Client][Parix] commitParixBatch -> coordinator (parity flush is journal-threshold driven on proxies)
[Client][Parix] partial update committed batch_id=131
[batch line 107] parix update success stripe_id=418 latency=0.133078 s
--- request #106 (file line 108) stripe_id=422 ranges=3 ---
[Client][Parix] commitParixBatch -> coordinator (parity flush is journal-threshold driven on proxies)
[Client][Parix] partial update committed batch_id=132
[batch line 108] parix update success stripe_id=422 latency=0.0773019 s
--- request #107 (file line 109) stripe_id=426 ranges=5 ---
[Client][Parix] commitParixBatch -> coordinator (parity flush is journal-threshold driven on proxies)
[Client][Parix] partial update committed batch_id=133
[batch line 109] parix update success stripe_id=426 latency=0.160857 s
--- request #108 (file line 110) stripe_id=430 ranges=4 ---
[Client][Parix] commitParixBatch -> coordinator (parity flush is journal-threshold driven on proxies)
[Client][Parix] partial update committed batch_id=134
[batch line 110] parix update success stripe_id=430 latency=0.134451 s
--- request #109 (file line 111) stripe_id=434 ranges=3 ---
[Client][Parix] commitParixBatch -> coordinator (parity flush is journal-threshold driven on proxies)
[Client][Parix] partial update committed batch_id=135
[batch line 111] parix update success stripe_id=434 latency=0.111388 s
--- request #110 (file line 112) stripe_id=438 ranges=5 ---
[Client][Parix] commitParixBatch -> coordinator (parity flush is journal-threshold driven on proxies)
[Client][Parix] partial update committed batch_id=136
[batch line 112] parix update success stripe_id=438 latency=0.170949 s
--- request #111 (file line 113) stripe_id=442 ranges=6 ---
[Client][Parix] commitParixBatch -> coordinator (parity flush is journal-threshold driven on proxies)
[Client][Parix] partial update committed batch_id=137
[batch line 113] parix update success stripe_id=442 latency=0.234298 s
[client2] progress success=110 failed=1
--- request #112 (file line 114) stripe_id=446 ranges=5 ---
[Client][Parix] commitParixBatch -> coordinator (parity flush is journal-threshold driven on proxies)
[Client][Parix] partial update committed batch_id=138
[batch line 114] parix update success stripe_id=446 latency=0.164512 s
--- request #113 (file line 115) stripe_id=450 ranges=6 ---
[Client][Parix] commitParixBatch -> coordinator (parity flush is journal-threshold driven on proxies)
[Client][Parix] partial update committed batch_id=139
[batch line 115] parix update success stripe_id=450 latency=0.209385 s
--- request #114 (file line 116) stripe_id=454 ranges=5 ---
[Client][Parix] commitParixBatch -> coordinator (parity flush is journal-threshold driven on proxies)
[Client][Parix] partial update committed batch_id=140
[batch line 116] parix update success stripe_id=454 latency=0.156001 s
--- request #115 (file line 117) stripe_id=458 ranges=7 ---
[Client][Parix] commitParixBatch -> coordinator (parity flush is journal-threshold driven on proxies)
[Client][Parix] partial update committed batch_id=141
[batch line 117] parix update success stripe_id=458 latency=0.239296 s
--- request #116 (file line 118) stripe_id=462 ranges=5 ---
[Client][Parix] commitParixBatch -> coordinator (parity flush is journal-threshold driven on proxies)
[Client][Parix] partial update committed batch_id=142
[batch line 118] parix update success stripe_id=462 latency=0.207898 s
--- request #117 (file line 119) stripe_id=466 ranges=5 ---
[Client][Parix] commitParixBatch -> coordinator (parity flush is journal-threshold driven on proxies)
[Client][Parix] partial update committed batch_id=143
[batch line 119] parix update success stripe_id=466 latency=0.208075 s
--- request #118 (file line 120) stripe_id=470 ranges=6 ---
[Client][Parix] commitParixBatch -> coordinator (parity flush is journal-threshold driven on proxies)
[Client][Parix] partial update committed batch_id=144
[batch line 120] parix update success stripe_id=470 latency=0.191383 s
--- request #119 (file line 121) stripe_id=474 ranges=5 ---
[Client][Parix] commitParixBatch -> coordinator (parity flush is journal-threshold driven on proxies)
[Client][Parix] partial update committed batch_id=145
[batch line 121] parix update success stripe_id=474 latency=0.148948 s
--- request #120 (file line 122) stripe_id=478 ranges=5 ---
[Client][Parix] commitParixBatch -> coordinator (parity flush is journal-threshold driven on proxies)
[Client][Parix] partial update committed batch_id=146
[batch line 122] parix update success stripe_id=478 latency=0.141788 s
--- request #121 (file line 123) stripe_id=482 ranges=5 ---
[Client][Parix] commitParixBatch -> coordinator (parity flush is journal-threshold driven on proxies)
[Client][Parix] partial update committed batch_id=147
[batch line 123] parix update success stripe_id=482 latency=0.145659 s
[client2] progress success=120 failed=1
--- request #122 (file line 124) stripe_id=486 ranges=5 ---
[Client][Parix] commitParixBatch -> coordinator (parity flush is journal-threshold driven on proxies)
[Client][Parix] partial update committed batch_id=148
[batch line 124] parix update success stripe_id=486 latency=0.155173 s
--- request #123 (file line 125) stripe_id=490 ranges=5 ---
[Client][Parix] commitParixBatch -> coordinator (parity flush is journal-threshold driven on proxies)
[Client][Parix] partial update committed batch_id=149
[batch line 125] parix update success stripe_id=490 latency=0.187263 s
--- request #124 (file line 126) stripe_id=494 ranges=6 ---
[Client][Parix] commitParixBatch -> coordinator (parity flush is journal-threshold driven on proxies)
[Client][Parix] partial update committed batch_id=150
[batch line 126] parix update success stripe_id=494 latency=0.198365 s
--- request #125 (file line 127) stripe_id=498 ranges=5 ---
[Client][Parix] commitParixBatch -> coordinator (parity flush is journal-threshold driven on proxies)
[Client][Parix] partial update committed batch_id=151
[batch line 127] parix update success stripe_id=498 latency=0.167918 s
--- request #126 (file line 128) stripe_id=502 ranges=5 ---
[Client][Parix] commitParixBatch -> coordinator (parity flush is journal-threshold driven on proxies)
[Client][Parix] partial update committed batch_id=152
[batch line 128] parix update success stripe_id=502 latency=0.209924 s
--- request #127 (file line 129) stripe_id=506 ranges=4 ---
[Client][Parix] commitParixBatch -> coordinator (parity flush is journal-threshold driven on proxies)
[Client][Parix] partial update committed batch_id=153
[batch line 129] parix update success stripe_id=506 latency=0.144336 s
--- request #128 (file line 130) stripe_id=510 ranges=4 ---
[Client][Parix] commitParixBatch -> coordinator (parity flush is journal-threshold driven on proxies)
[Client][Parix] partial update committed batch_id=154
[batch line 130] parix update success stripe_id=510 latency=0.139796 s
--- request #129 (file line 131) stripe_id=514 ranges=5 ---
[Client][Parix] commitParixBatch -> coordinator (parity flush is journal-threshold driven on proxies)
[Client][Parix] partial update committed batch_id=155
[batch line 131] parix update success stripe_id=514 latency=0.198343 s
--- request #130 (file line 132) stripe_id=518 ranges=4 ---
[Client][Parix] commitParixBatch -> coordinator (parity flush is journal-threshold driven on proxies)
[Client][Parix] partial update committed batch_id=156
[batch line 132] parix update success stripe_id=518 latency=0.138211 s
--- request #131 (file line 133) stripe_id=522 ranges=4 ---
[Client][Parix] commitParixBatch -> coordinator (parity flush is journal-threshold driven on proxies)
[Client][Parix] partial update committed batch_id=157
[batch line 133] parix update success stripe_id=522 latency=0.142075 s
[client2] progress success=130 failed=1
--- request #132 (file line 134) stripe_id=526 ranges=5 ---
[Client][Parix] commitParixBatch -> coordinator (parity flush is journal-threshold driven on proxies)
[Client][Parix] partial update committed batch_id=158
[batch line 134] parix update success stripe_id=526 latency=0.152013 s
--- request #133 (file line 135) stripe_id=530 ranges=4 ---
[Client][Parix] commitParixBatch -> coordinator (parity flush is journal-threshold driven on proxies)
[Client][Parix] partial update committed batch_id=159
[batch line 135] parix update success stripe_id=530 latency=0.114602 s
--- request #134 (file line 136) stripe_id=534 ranges=6 ---
[Client][Parix] commitParixBatch -> coordinator (parity flush is journal-threshold driven on proxies)
[Client][Parix] partial update committed batch_id=160
[batch line 136] parix update success stripe_id=534 latency=0.173843 s
--- request #135 (file line 137) stripe_id=538 ranges=6 ---
[Client][Parix] commitParixBatch -> coordinator (parity flush is journal-threshold driven on proxies)
[Client][Parix] partial update committed batch_id=161
[batch line 137] parix update success stripe_id=538 latency=0.208993 s
--- request #136 (file line 138) stripe_id=542 ranges=3 ---
[Client][Parix] commitParixBatch -> coordinator (parity flush is journal-threshold driven on proxies)
[Client][Parix] partial update committed batch_id=162
[batch line 138] parix update success stripe_id=542 latency=0.115315 s
--- request #137 (file line 139) stripe_id=546 ranges=6 ---
[Client][Parix] commitParixBatch -> coordinator (parity flush is journal-threshold driven on proxies)
[Client][Parix] partial update committed batch_id=163
[batch line 139] parix update success stripe_id=546 latency=0.217818 s
--- request #138 (file line 140) stripe_id=550 ranges=5 ---
[Client][Parix] commitParixBatch -> coordinator (parity flush is journal-threshold driven on proxies)
[Client][Parix] partial update committed batch_id=164
[batch line 140] parix update success stripe_id=550 latency=0.148145 s
--- request #139 (file line 141) stripe_id=554 ranges=6 ---
[Client][Parix] commitParixBatch -> coordinator (parity flush is journal-threshold driven on proxies)
[Client][Parix] partial update committed batch_id=165
[batch line 141] parix update success stripe_id=554 latency=0.187392 s
--- request #140 (file line 142) stripe_id=558 ranges=5 ---
[Client][Parix] commitParixBatch -> coordinator (parity flush is journal-threshold driven on proxies)
[Client][Parix] partial update committed batch_id=166
[batch line 142] parix update success stripe_id=558 latency=0.180358 s
--- request #141 (file line 143) stripe_id=562 ranges=5 ---
[Client][Parix] commitParixBatch -> coordinator (parity flush is journal-threshold driven on proxies)
[Client][Parix] partial update committed batch_id=167
[batch line 143] parix update success stripe_id=562 latency=0.172409 s
[client2] progress success=140 failed=1
--- request #142 (file line 144) stripe_id=566 ranges=5 ---
[Client][Parix] commitParixBatch -> coordinator (parity flush is journal-threshold driven on proxies)
[Client][Parix] partial update committed batch_id=168
[batch line 144] parix update success stripe_id=566 latency=0.15371 s
--- request #143 (file line 145) stripe_id=570 ranges=4 ---
[Client][Parix] commitParixBatch -> coordinator (parity flush is journal-threshold driven on proxies)
[Client][Parix] partial update committed batch_id=169
[batch line 145] parix update success stripe_id=570 latency=0.163764 s
--- request #144 (file line 146) stripe_id=574 ranges=6 ---
[Client][Parix] commitParixBatch -> coordinator (parity flush is journal-threshold driven on proxies)
[Client][Parix] partial update committed batch_id=170
[batch line 146] parix update success stripe_id=574 latency=0.220507 s
--- request #145 (file line 147) stripe_id=578 ranges=7 ---
[Client][Parix] commitParixBatch -> coordinator (parity flush is journal-threshold driven on proxies)
[Client][Parix] partial update committed batch_id=171
[batch line 147] parix update success stripe_id=578 latency=0.248721 s
--- request #146 (file line 148) stripe_id=582 ranges=5 ---
[Client][Parix] commitParixBatch -> coordinator (parity flush is journal-threshold driven on proxies)
[Client][Parix] partial update committed batch_id=172
[batch line 148] parix update success stripe_id=582 latency=0.182872 s
--- request #147 (file line 149) stripe_id=586 ranges=4 ---
[Client][Parix] commitParixBatch -> coordinator (parity flush is journal-threshold driven on proxies)
[Client][Parix] partial update committed batch_id=173
[batch line 149] parix update success stripe_id=586 latency=0.127092 s
--- request #148 (file line 150) stripe_id=590 ranges=6 ---
[Client][Parix] commitParixBatch -> coordinator (parity flush is journal-threshold driven on proxies)
[Client][Parix] partial update committed batch_id=174
[batch line 150] parix update success stripe_id=590 latency=0.202458 s
--- request #149 (file line 151) stripe_id=594 ranges=4 ---
[Client][Parix] commitParixBatch -> coordinator (parity flush is journal-threshold driven on proxies)
[Client][Parix] partial update committed batch_id=175
[batch line 151] parix update success stripe_id=594 latency=0.114275 s
--- request #150 (file line 152) stripe_id=598 ranges=6 ---
[Client][Parix] commitParixBatch -> coordinator (parity flush is journal-threshold driven on proxies)
[Client][Parix] partial update committed batch_id=176
[batch line 152] parix update success stripe_id=598 latency=0.21115 s
--- request #151 (file line 153) stripe_id=602 ranges=5 ---
[Client][Parix] commitParixBatch -> coordinator (parity flush is journal-threshold driven on proxies)
[Client][Parix] partial update committed batch_id=177
[batch line 153] parix update success stripe_id=602 latency=0.171195 s
[client2] progress success=150 failed=1
--- request #152 (file line 154) stripe_id=606 ranges=6 ---
[Client][Parix] commitParixBatch -> coordinator (parity flush is journal-threshold driven on proxies)
[Client][Parix] partial update committed batch_id=178
[batch line 154] parix update success stripe_id=606 latency=0.206566 s
--- request #153 (file line 155) stripe_id=610 ranges=3 ---
[Client][Parix] commitParixBatch -> coordinator (parity flush is journal-threshold driven on proxies)
[Client][Parix] partial update committed batch_id=179
[batch line 155] parix update success stripe_id=610 latency=0.0996925 s
--- request #154 (file line 156) stripe_id=614 ranges=4 ---
[Client][Parix] commitParixBatch -> coordinator (parity flush is journal-threshold driven on proxies)
[Client][Parix] partial update committed batch_id=180
[batch line 156] parix update success stripe_id=614 latency=0.157075 s
--- request #155 (file line 157) stripe_id=618 ranges=5 ---
[Client][Parix] commitParixBatch -> coordinator (parity flush is journal-threshold driven on proxies)
[Client][Parix] partial update committed batch_id=181
[batch line 157] parix update success stripe_id=618 latency=0.160242 s
--- request #156 (file line 158) stripe_id=622 ranges=6 ---
[Client][Parix] commitParixBatch -> coordinator (parity flush is journal-threshold driven on proxies)
[Client][Parix] partial update committed batch_id=182
[batch line 158] parix update success stripe_id=622 latency=0.223997 s
--- request #157 (file line 159) stripe_id=626 ranges=5 ---
[Client][Parix] commitParixBatch -> coordinator (parity flush is journal-threshold driven on proxies)
[Client][Parix] partial update committed batch_id=183
[batch line 159] parix update success stripe_id=626 latency=0.176033 s
--- request #158 (file line 160) stripe_id=630 ranges=5 ---
[Client][Parix] commitParixBatch -> coordinator (parity flush is journal-threshold driven on proxies)
[Client][Parix] partial update committed batch_id=184
[batch line 160] parix update success stripe_id=630 latency=0.187124 s
--- request #159 (file line 161) stripe_id=634 ranges=3 ---
[Client][Parix] commitParixBatch -> coordinator (parity flush is journal-threshold driven on proxies)
[Client][Parix] partial update committed batch_id=185
[batch line 161] parix update success stripe_id=634 latency=0.118509 s
--- request #160 (file line 162) stripe_id=638 ranges=4 ---
[Client][Parix] commitParixBatch -> coordinator (parity flush is journal-threshold driven on proxies)
[Client][Parix] partial update committed batch_id=186
[batch line 162] parix update success stripe_id=638 latency=0.133884 s
--- request #161 (file line 163) stripe_id=642 ranges=5 ---
[Client][Parix] commitParixBatch -> coordinator (parity flush is journal-threshold driven on proxies)
[Client][Parix] partial update committed batch_id=187
[batch line 163] parix update success stripe_id=642 latency=0.16949 s
[client2] progress success=160 failed=1
--- request #162 (file line 164) stripe_id=646 ranges=4 ---
[Client][Parix] commitParixBatch -> coordinator (parity flush is journal-threshold driven on proxies)
[Client][Parix] partial update committed batch_id=188
[batch line 164] parix update success stripe_id=646 latency=0.115967 s
--- request #163 (file line 165) stripe_id=650 ranges=6 ---
[Client][Parix] commitParixBatch -> coordinator (parity flush is journal-threshold driven on proxies)
[Client][Parix] partial update committed batch_id=189
[batch line 165] parix update success stripe_id=650 latency=0.216393 s
--- request #164 (file line 166) stripe_id=654 ranges=5 ---
[Client][Parix] commitParixBatch -> coordinator (parity flush is journal-threshold driven on proxies)
[Client][Parix] partial update committed batch_id=190
[batch line 166] parix update success stripe_id=654 latency=0.175558 s
--- request #165 (file line 167) stripe_id=658 ranges=5 ---
[Client][Parix] commitParixBatch -> coordinator (parity flush is journal-threshold driven on proxies)
[Client][Parix] partial update committed batch_id=191
[batch line 167] parix update success stripe_id=658 latency=0.191617 s
--- request #166 (file line 168) stripe_id=662 ranges=5 ---
[Client][Parix] commitParixBatch -> coordinator (parity flush is journal-threshold driven on proxies)
[Client][Parix] partial update committed batch_id=192
[batch line 168] parix update success stripe_id=662 latency=0.156033 s
--- request #167 (file line 169) stripe_id=666 ranges=5 ---
[Client][Parix] commitParixBatch -> coordinator (parity flush is journal-threshold driven on proxies)
[Client][Parix] partial update committed batch_id=193
[batch line 169] parix update success stripe_id=666 latency=0.15298 s
--- request #168 (file line 170) stripe_id=670 ranges=4 ---
[Client][Parix] commitParixBatch -> coordinator (parity flush is journal-threshold driven on proxies)
[Client][Parix] partial update committed batch_id=194
[batch line 170] parix update success stripe_id=670 latency=0.117146 s
--- request #169 (file line 171) stripe_id=674 ranges=4 ---
[Client][Parix] commitParixBatch -> coordinator (parity flush is journal-threshold driven on proxies)
[Client][Parix] partial update committed batch_id=195
[batch line 171] parix update success stripe_id=674 latency=0.112894 s
--- request #170 (file line 172) stripe_id=678 ranges=4 ---
[Client][Parix] commitParixBatch -> coordinator (parity flush is journal-threshold driven on proxies)
[Client][Parix] partial update committed batch_id=196
[batch line 172] parix update success stripe_id=678 latency=0.119574 s
--- request #171 (file line 173) stripe_id=682 ranges=6 ---
[Client][Parix] commitParixBatch -> coordinator (parity flush is journal-threshold driven on proxies)
[Client][Parix] partial update committed batch_id=197
[batch line 173] parix update success stripe_id=682 latency=0.195304 s
[client2] progress success=170 failed=1
--- request #172 (file line 174) stripe_id=686 ranges=4 ---
[Client][Parix] commitParixBatch -> coordinator (parity flush is journal-threshold driven on proxies)
[Client][Parix] partial update committed batch_id=198
[batch line 174] parix update success stripe_id=686 latency=0.136941 s
--- request #173 (file line 175) stripe_id=690 ranges=6 ---
[Client][Parix] commitParixBatch -> coordinator (parity flush is journal-threshold driven on proxies)
[Client][Parix] partial update committed batch_id=199
[batch line 175] parix update success stripe_id=690 latency=0.213361 s
--- request #174 (file line 176) stripe_id=694 ranges=5 ---
[Client][Parix] commitParixBatch -> coordinator (parity flush is journal-threshold driven on proxies)
[Client][Parix] partial update committed batch_id=200
[batch line 176] parix update success stripe_id=694 latency=0.145599 s
--- request #175 (file line 177) stripe_id=698 ranges=5 ---
[Client][Parix] commitParixBatch -> coordinator (parity flush is journal-threshold driven on proxies)
[Client][Parix] partial update committed batch_id=201
[batch line 177] parix update success stripe_id=698 latency=0.146733 s
--- request #176 (file line 178) stripe_id=702 ranges=7 ---
[Client][Parix] commitParixBatch -> coordinator (parity flush is journal-threshold driven on proxies)
[Client][Parix] partial update committed batch_id=202
[batch line 178] parix update success stripe_id=702 latency=0.225053 s
--- request #177 (file line 179) stripe_id=706 ranges=3 ---
[Client][Parix] commitParixBatch -> coordinator (parity flush is journal-threshold driven on proxies)
[Client][Parix] partial update committed batch_id=203
[batch line 179] parix update success stripe_id=706 latency=0.126642 s
--- request #178 (file line 180) stripe_id=710 ranges=6 ---
[Client][Parix] commitParixBatch -> coordinator (parity flush is journal-threshold driven on proxies)
[Client][Parix] partial update committed batch_id=204
[batch line 180] parix update success stripe_id=710 latency=0.207808 s
--- request #179 (file line 181) stripe_id=714 ranges=6 ---
[Client][Parix] commitParixBatch -> coordinator (parity flush is journal-threshold driven on proxies)
[Client][Parix] partial update committed batch_id=205
[batch line 181] parix update success stripe_id=714 latency=0.188945 s
--- request #180 (file line 182) stripe_id=718 ranges=5 ---
[Client][Parix] commitParixBatch -> coordinator (parity flush is journal-threshold driven on proxies)
[Client][Parix] partial update committed batch_id=206
[batch line 182] parix update success stripe_id=718 latency=0.171233 s
--- request #181 (file line 183) stripe_id=722 ranges=4 ---
[Client][Parix] commitParixBatch -> coordinator (parity flush is journal-threshold driven on proxies)
[Client][Parix] partial update committed batch_id=207
[batch line 183] parix update success stripe_id=722 latency=0.143018 s
[client2] progress success=180 failed=1
--- request #182 (file line 184) stripe_id=726 ranges=5 ---
[Client][Parix] commitParixBatch -> coordinator (parity flush is journal-threshold driven on proxies)
[Client][Parix] partial update committed batch_id=208
[batch line 184] parix update success stripe_id=726 latency=0.151078 s
--- request #183 (file line 185) stripe_id=730 ranges=5 ---
[Client][Parix] commitParixBatch -> coordinator (parity flush is journal-threshold driven on proxies)
[Client][Parix] partial update committed batch_id=209
[batch line 185] parix update success stripe_id=730 latency=0.188178 s
--- request #184 (file line 186) stripe_id=734 ranges=5 ---
[Client][Parix] commitParixBatch -> coordinator (parity flush is journal-threshold driven on proxies)
[Client][Parix] partial update committed batch_id=210
[batch line 186] parix update success stripe_id=734 latency=0.184893 s
--- request #185 (file line 187) stripe_id=738 ranges=4 ---
[Client][Parix] commitParixBatch -> coordinator (parity flush is journal-threshold driven on proxies)
[Client][Parix] partial update committed batch_id=211
[batch line 187] parix update success stripe_id=738 latency=0.137068 s
--- request #186 (file line 188) stripe_id=742 ranges=6 ---
[Client][Parix] commitParixBatch -> coordinator (parity flush is journal-threshold driven on proxies)
[Client][Parix] partial update committed batch_id=212
[batch line 188] parix update success stripe_id=742 latency=0.217687 s
--- request #187 (file line 189) stripe_id=746 ranges=5 ---
[Client][Parix] commitParixBatch -> coordinator (parity flush is journal-threshold driven on proxies)
[Client][Parix] partial update committed batch_id=213
[batch line 189] parix update success stripe_id=746 latency=0.190521 s
--- request #188 (file line 190) stripe_id=750 ranges=4 ---
[Client][Parix] commitParixBatch -> coordinator (parity flush is journal-threshold driven on proxies)
[Client][Parix] partial update committed batch_id=214
[batch line 190] parix update success stripe_id=750 latency=0.153831 s
--- request #189 (file line 191) stripe_id=754 ranges=5 ---
[Client][Parix] commitParixBatch -> coordinator (parity flush is journal-threshold driven on proxies)
[Client][Parix] partial update committed batch_id=215
[batch line 191] parix update success stripe_id=754 latency=0.174127 s
--- request #190 (file line 192) stripe_id=758 ranges=5 ---
[Client][Parix] commitParixBatch -> coordinator (parity flush is journal-threshold driven on proxies)
[Client][Parix] partial update committed batch_id=216
[batch line 192] parix update success stripe_id=758 latency=0.140979 s
--- request #191 (file line 193) stripe_id=762 ranges=5 ---
[Client][Parix] commitParixBatch -> coordinator (parity flush is journal-threshold driven on proxies)
[Client][Parix] partial update committed batch_id=217
[batch line 193] parix update success stripe_id=762 latency=0.171438 s
[client2] progress success=190 failed=1
--- request #192 (file line 194) stripe_id=766 ranges=5 ---
[Client][Parix] commitParixBatch -> coordinator (parity flush is journal-threshold driven on proxies)
[Client][Parix] partial update committed batch_id=218
[batch line 194] parix update success stripe_id=766 latency=0.163677 s
--- request #193 (file line 195) stripe_id=770 ranges=6 ---
[Client][Parix] commitParixBatch -> coordinator (parity flush is journal-threshold driven on proxies)
[Client][Parix] partial update committed batch_id=219
[batch line 195] parix update success stripe_id=770 latency=0.193029 s
--- request #194 (file line 196) stripe_id=774 ranges=4 ---
[Client][Parix] commitParixBatch -> coordinator (parity flush is journal-threshold driven on proxies)
[Client][Parix] partial update committed batch_id=220
[batch line 196] parix update success stripe_id=774 latency=0.148804 s
--- request #195 (file line 197) stripe_id=778 ranges=5 ---
[Client][Parix] commitParixBatch -> coordinator (parity flush is journal-threshold driven on proxies)
[Client][Parix] partial update committed batch_id=221
[batch line 197] parix update success stripe_id=778 latency=0.180456 s
--- request #196 (file line 198) stripe_id=782 ranges=6 ---
[Client][Parix] commitParixBatch -> coordinator (parity flush is journal-threshold driven on proxies)
[Client][Parix] partial update committed batch_id=222
[batch line 198] parix update success stripe_id=782 latency=0.182683 s
--- request #197 (file line 199) stripe_id=786 ranges=4 ---
[Client][Parix] commitParixBatch -> coordinator (parity flush is journal-threshold driven on proxies)
[Client][Parix] partial update committed batch_id=223
[batch line 199] parix update success stripe_id=786 latency=0.114867 s
--- request #198 (file line 200) stripe_id=790 ranges=6 ---
[Client][Parix] commitParixBatch -> coordinator (parity flush is journal-threshold driven on proxies)
[Client][Parix] partial update committed batch_id=224
[batch line 200] parix update success stripe_id=790 latency=0.21539 s
--- request #199 (file line 201) stripe_id=794 ranges=5 ---
[Client][Parix] commitParixBatch -> coordinator (parity flush is journal-threshold driven on proxies)
[Client][Parix] partial update committed batch_id=225
[batch line 201] parix update success stripe_id=794 latency=0.160907 s
--- request #200 (file line 202) stripe_id=798 ranges=6 ---
[Client][Parix] commitParixBatch -> coordinator (parity flush is journal-threshold driven on proxies)
[Client][Parix] partial update committed batch_id=226
[batch line 202] parix update success stripe_id=798 latency=0.184576 s
--- request #201 (file line 203) stripe_id=802 ranges=5 ---
[Client][Parix] commitParixBatch -> coordinator (parity flush is journal-threshold driven on proxies)
[Client][Parix] partial update committed batch_id=227
[batch line 203] parix update success stripe_id=802 latency=0.164754 s
[client2] progress success=200 failed=1
--- request #202 (file line 204) stripe_id=806 ranges=5 ---
[Client][Parix] commitParixBatch -> coordinator (parity flush is journal-threshold driven on proxies)
[Client][Parix] partial update committed batch_id=228
[batch line 204] parix update success stripe_id=806 latency=0.154227 s
--- request #203 (file line 205) stripe_id=810 ranges=5 ---
[Client][Parix] commitParixBatch -> coordinator (parity flush is journal-threshold driven on proxies)
[Client][Parix] partial update committed batch_id=229
[batch line 205] parix update success stripe_id=810 latency=0.164615 s
--- request #204 (file line 206) stripe_id=814 ranges=5 ---
[Client][Parix] commitParixBatch -> coordinator (parity flush is journal-threshold driven on proxies)
[Client][Parix] partial update committed batch_id=230
[batch line 206] parix update success stripe_id=814 latency=0.143365 s
--- request #205 (file line 207) stripe_id=818 ranges=4 ---
[Client][Parix] commitParixBatch -> coordinator (parity flush is journal-threshold driven on proxies)
[Client][Parix] partial update committed batch_id=231
[batch line 207] parix update success stripe_id=818 latency=0.145489 s
--- request #206 (file line 208) stripe_id=822 ranges=5 ---
[Client][Parix] commitParixBatch -> coordinator (parity flush is journal-threshold driven on proxies)
[Client][Parix] partial update committed batch_id=232
[batch line 208] parix update success stripe_id=822 latency=0.173338 s
--- request #207 (file line 209) stripe_id=826 ranges=4 ---
[Client][Parix] commitParixBatch -> coordinator (parity flush is journal-threshold driven on proxies)
[Client][Parix] partial update committed batch_id=233
[batch line 209] parix update success stripe_id=826 latency=0.137363 s
--- request #208 (file line 210) stripe_id=830 ranges=6 ---
[Client][Parix] commitParixBatch -> coordinator (parity flush is journal-threshold driven on proxies)
[Client][Parix] partial update committed batch_id=234
[batch line 210] parix update success stripe_id=830 latency=0.200376 s
--- request #209 (file line 211) stripe_id=834 ranges=5 ---
[Client][Parix] commitParixBatch -> coordinator (parity flush is journal-threshold driven on proxies)
[Client][Parix] partial update committed batch_id=235
[batch line 211] parix update success stripe_id=834 latency=0.142986 s
--- request #210 (file line 212) stripe_id=838 ranges=5 ---
[Client][Parix] commitParixBatch -> coordinator (parity flush is journal-threshold driven on proxies)
[Client][Parix] partial update committed batch_id=236
[batch line 212] parix update success stripe_id=838 latency=0.168472 s
--- request #211 (file line 213) stripe_id=842 ranges=4 ---
[Client][Parix] commitParixBatch -> coordinator (parity flush is journal-threshold driven on proxies)
[Client][Parix] partial update committed batch_id=237
[batch line 213] parix update success stripe_id=842 latency=0.129613 s
[client2] progress success=210 failed=1
--- request #212 (file line 214) stripe_id=846 ranges=5 ---
[Client][Parix] commitParixBatch -> coordinator (parity flush is journal-threshold driven on proxies)
[Client][Parix] partial update committed batch_id=238
[batch line 214] parix update success stripe_id=846 latency=0.179757 s
--- request #213 (file line 215) stripe_id=850 ranges=5 ---
[Client][Parix] commitParixBatch -> coordinator (parity flush is journal-threshold driven on proxies)
[Client][Parix] partial update committed batch_id=239
[batch line 215] parix update success stripe_id=850 latency=0.168027 s
--- request #214 (file line 216) stripe_id=854 ranges=6 ---
[Client][Parix] commitParixBatch -> coordinator (parity flush is journal-threshold driven on proxies)
[Client][Parix] partial update committed batch_id=240
[batch line 216] parix update success stripe_id=854 latency=0.190541 s
--- request #215 (file line 217) stripe_id=858 ranges=5 ---
[Client][Parix] commitParixBatch -> coordinator (parity flush is journal-threshold driven on proxies)
[Client][Parix] partial update committed batch_id=241
[batch line 217] parix update success stripe_id=858 latency=0.165662 s
--- request #216 (file line 218) stripe_id=862 ranges=4 ---
[Client][Parix] commitParixBatch -> coordinator (parity flush is journal-threshold driven on proxies)
[Client][Parix] partial update committed batch_id=242
[batch line 218] parix update success stripe_id=862 latency=0.132765 s
--- request #217 (file line 219) stripe_id=866 ranges=4 ---
[Client][Parix] commitParixBatch -> coordinator (parity flush is journal-threshold driven on proxies)
[Client][Parix] partial update committed batch_id=243
[batch line 219] parix update success stripe_id=866 latency=0.146561 s
--- request #218 (file line 220) stripe_id=870 ranges=5 ---
[Client][Parix] commitParixBatch -> coordinator (parity flush is journal-threshold driven on proxies)
[Client][Parix] partial update committed batch_id=244
[batch line 220] parix update success stripe_id=870 latency=0.142057 s
--- request #219 (file line 221) stripe_id=874 ranges=5 ---
[Client][Parix] commitParixBatch -> coordinator (parity flush is journal-threshold driven on proxies)
[Client][Parix] partial update committed batch_id=245
[batch line 221] parix update success stripe_id=874 latency=0.166267 s
--- request #220 (file line 222) stripe_id=878 ranges=4 ---
[Client][Parix] commitParixBatch -> coordinator (parity flush is journal-threshold driven on proxies)
[Client][Parix] partial update committed batch_id=246
[batch line 222] parix update success stripe_id=878 latency=0.157709 s
--- request #221 (file line 223) stripe_id=882 ranges=5 ---
[Client][Parix] commitParixBatch -> coordinator (parity flush is journal-threshold driven on proxies)
[Client][Parix] partial update committed batch_id=247
[batch line 223] parix update success stripe_id=882 latency=0.160213 s
[client2] progress success=220 failed=1
--- request #222 (file line 224) stripe_id=886 ranges=5 ---
[Client][Parix] commitParixBatch -> coordinator (parity flush is journal-threshold driven on proxies)
[Client][Parix] partial update committed batch_id=248
[batch line 224] parix update success stripe_id=886 latency=0.178336 s
--- request #223 (file line 225) stripe_id=890 ranges=5 ---
[Client][Parix] commitParixBatch -> coordinator (parity flush is journal-threshold driven on proxies)
[Client][Parix] partial update committed batch_id=249
[batch line 225] parix update success stripe_id=890 latency=0.189232 s
--- request #224 (file line 226) stripe_id=894 ranges=5 ---
[Client][Parix] commitParixBatch -> coordinator (parity flush is journal-threshold driven on proxies)
[Client][Parix] partial update committed batch_id=250
[batch line 226] parix update success stripe_id=894 latency=0.145506 s
--- request #225 (file line 227) stripe_id=898 ranges=6 ---
[Client][Parix] commitParixBatch -> coordinator (parity flush is journal-threshold driven on proxies)
[Client][Parix] partial update committed batch_id=251
[batch line 227] parix update success stripe_id=898 latency=0.194453 s
--- request #226 (file line 228) stripe_id=902 ranges=5 ---
[Client][Parix] commitParixBatch -> coordinator (parity flush is journal-threshold driven on proxies)
[Client][Parix] partial update committed batch_id=252
[batch line 228] parix update success stripe_id=902 latency=0.168151 s
--- request #227 (file line 229) stripe_id=906 ranges=6 ---
[Client][Parix] commitParixBatch -> coordinator (parity flush is journal-threshold driven on proxies)
[Client][Parix] partial update committed batch_id=253
[batch line 229] parix update success stripe_id=906 latency=0.181627 s
--- request #228 (file line 230) stripe_id=910 ranges=5 ---
[Client][Parix] commitParixBatch -> coordinator (parity flush is journal-threshold driven on proxies)
[Client][Parix] partial update committed batch_id=254
[batch line 230] parix update success stripe_id=910 latency=0.137414 s
--- request #229 (file line 231) stripe_id=914 ranges=5 ---
[Client][Parix] commitParixBatch -> coordinator (parity flush is journal-threshold driven on proxies)
[Client][Parix] partial update committed batch_id=255
[batch line 231] parix update success stripe_id=914 latency=0.196291 s
--- request #230 (file line 232) stripe_id=918 ranges=5 ---
[Client][Parix] commitParixBatch -> coordinator (parity flush is journal-threshold driven on proxies)
[Client][Parix] partial update committed batch_id=256
[batch line 232] parix update success stripe_id=918 latency=0.174081 s
--- request #231 (file line 233) stripe_id=922 ranges=5 ---
[Client][Parix] commitParixBatch -> coordinator (parity flush is journal-threshold driven on proxies)
[Client][Parix] partial update committed batch_id=257
[batch line 233] parix update success stripe_id=922 latency=0.159598 s
[client2] progress success=230 failed=1
--- request #232 (file line 234) stripe_id=926 ranges=5 ---
[Client][Parix] commitParixBatch -> coordinator (parity flush is journal-threshold driven on proxies)
[Client][Parix] partial update committed batch_id=258
[batch line 234] parix update success stripe_id=926 latency=0.154868 s
--- request #233 (file line 235) stripe_id=930 ranges=5 ---
[Client][Parix] commitParixBatch -> coordinator (parity flush is journal-threshold driven on proxies)
[Client][Parix] partial update committed batch_id=259
[batch line 235] parix update success stripe_id=930 latency=0.180146 s
--- request #234 (file line 236) stripe_id=934 ranges=5 ---
[Client][Parix] commitParixBatch -> coordinator (parity flush is journal-threshold driven on proxies)
[Client][Parix] partial update committed batch_id=260
[batch line 236] parix update success stripe_id=934 latency=0.153463 s
--- request #235 (file line 237) stripe_id=938 ranges=5 ---
[Client][Parix] commitParixBatch -> coordinator (parity flush is journal-threshold driven on proxies)
[Client][Parix] partial update committed batch_id=261
[batch line 237] parix update success stripe_id=938 latency=0.151834 s
--- request #236 (file line 238) stripe_id=942 ranges=5 ---
[Client][Parix] commitParixBatch -> coordinator (parity flush is journal-threshold driven on proxies)
[Client][Parix] partial update committed batch_id=262
[batch line 238] parix update success stripe_id=942 latency=0.156515 s
--- request #237 (file line 239) stripe_id=946 ranges=5 ---
[Client][Parix] commitParixBatch -> coordinator (parity flush is journal-threshold driven on proxies)
[Client][Parix] partial update committed batch_id=263
[batch line 239] parix update success stripe_id=946 latency=0.206871 s
--- request #238 (file line 240) stripe_id=950 ranges=3 ---
[Client][Parix] commitParixBatch -> coordinator (parity flush is journal-threshold driven on proxies)
[Client][Parix] partial update committed batch_id=264
[batch line 240] parix update success stripe_id=950 latency=0.0757026 s
--- request #239 (file line 241) stripe_id=954 ranges=4 ---
[Client][Parix] commitParixBatch -> coordinator (parity flush is journal-threshold driven on proxies)
[Client][Parix] partial update committed batch_id=265
[batch line 241] parix update success stripe_id=954 latency=0.149284 s
--- request #240 (file line 242) stripe_id=958 ranges=5 ---
[Client][Parix] commitParixBatch -> coordinator (parity flush is journal-threshold driven on proxies)
[Client][Parix] partial update committed batch_id=266
[batch line 242] parix update success stripe_id=958 latency=0.18286 s
--- request #241 (file line 243) stripe_id=962 ranges=5 ---
[Client][Parix] commitParixBatch -> coordinator (parity flush is journal-threshold driven on proxies)
[Client][Parix] partial update committed batch_id=267
[batch line 243] parix update success stripe_id=962 latency=0.147029 s
[client2] progress success=240 failed=1
--- request #242 (file line 244) stripe_id=966 ranges=4 ---
[Client][Parix] commitParixBatch -> coordinator (parity flush is journal-threshold driven on proxies)
[Client][Parix] partial update committed batch_id=268
[batch line 244] parix update success stripe_id=966 latency=0.136519 s
--- request #243 (file line 245) stripe_id=970 ranges=4 ---
[Client][Parix] commitParixBatch -> coordinator (parity flush is journal-threshold driven on proxies)
[Client][Parix] partial update committed batch_id=269
[batch line 245] parix update success stripe_id=970 latency=0.114744 s
--- request #244 (file line 246) stripe_id=974 ranges=5 ---
[Client][Parix] commitParixBatch -> coordinator (parity flush is journal-threshold driven on proxies)
[Client][Parix] partial update committed batch_id=270
[batch line 246] parix update success stripe_id=974 latency=0.14106 s
--- request #245 (file line 247) stripe_id=978 ranges=6 ---
[Client][Parix] commitParixBatch -> coordinator (parity flush is journal-threshold driven on proxies)
[Client][Parix] partial update committed batch_id=271
[batch line 247] parix update success stripe_id=978 latency=0.220346 s
--- request #246 (file line 248) stripe_id=982 ranges=5 ---
[Client][Parix] commitParixBatch -> coordinator (parity flush is journal-threshold driven on proxies)
[Client][Parix] partial update committed batch_id=272
[batch line 248] parix update success stripe_id=982 latency=0.199568 s
--- request #247 (file line 249) stripe_id=986 ranges=5 ---
[Client][Parix] commitParixBatch -> coordinator (parity flush is journal-threshold driven on proxies)
[Client][Parix] partial update committed batch_id=273
[batch line 249] parix update success stripe_id=986 latency=0.154643 s
--- request #248 (file line 250) stripe_id=990 ranges=6 ---
[Client][Parix] commitParixBatch -> coordinator (parity flush is journal-threshold driven on proxies)
[Client][Parix] partial update committed batch_id=274
[batch line 250] parix update success stripe_id=990 latency=0.158251 s
--- request #249 (file line 251) stripe_id=994 ranges=5 ---
[Client][Parix] commitParixBatch -> coordinator (parity flush is journal-threshold driven on proxies)
[Client][Parix] partial update committed batch_id=275
[batch line 251] parix update success stripe_id=994 latency=0.173563 s
--- request #250 (file line 252) stripe_id=998 ranges=5 ---
[Client][Parix] commitParixBatch -> coordinator (parity flush is journal-threshold driven on proxies)
[Client][Parix] partial update committed batch_id=276
[batch line 252] parix update success stripe_id=998 latency=0.154487 s
=== Parix batch summary ===
total_requests=250 success=249 failed=1
success_req[2] line=4 stripe_id=6 latency_s=0.154741
success_req[3] line=5 stripe_id=10 latency_s=0.162316
success_req[4] line=6 stripe_id=14 latency_s=0.165529
success_req[5] line=7 stripe_id=18 latency_s=0.137271
success_req[6] line=8 stripe_id=22 latency_s=0.15434
success_req[7] line=9 stripe_id=26 latency_s=0.152826
success_req[8] line=10 stripe_id=30 latency_s=0.119708
success_req[9] line=11 stripe_id=34 latency_s=0.160476
success_req[10] line=12 stripe_id=38 latency_s=0.179489
success_req[11] line=13 stripe_id=42 latency_s=0.181525
success_req[12] line=14 stripe_id=46 latency_s=0.202143
success_req[13] line=15 stripe_id=50 latency_s=0.203441
success_req[14] line=16 stripe_id=54 latency_s=0.224952
success_req[15] line=17 stripe_id=58 latency_s=0.144235
success_req[16] line=18 stripe_id=62 latency_s=0.189254
success_req[17] line=19 stripe_id=66 latency_s=0.175747
success_req[18] line=20 stripe_id=70 latency_s=0.181092
success_req[19] line=21 stripe_id=74 latency_s=0.144119
success_req[20] line=22 stripe_id=78 latency_s=0.207718
success_req[21] line=23 stripe_id=82 latency_s=0.1445
success_req[22] line=24 stripe_id=86 latency_s=0.206376
success_req[23] line=25 stripe_id=90 latency_s=0.174059
success_req[24] line=26 stripe_id=94 latency_s=0.199277
success_req[25] line=27 stripe_id=98 latency_s=0.170952
success_req[26] line=28 stripe_id=102 latency_s=0.129199
success_req[27] line=29 stripe_id=106 latency_s=0.153993
success_req[28] line=30 stripe_id=110 latency_s=0.220638
success_req[29] line=31 stripe_id=114 latency_s=0.182343
success_req[30] line=32 stripe_id=118 latency_s=0.177533
success_req[31] line=33 stripe_id=122 latency_s=0.142301
success_req[32] line=34 stripe_id=126 latency_s=0.17774
success_req[33] line=35 stripe_id=130 latency_s=0.182231
success_req[34] line=36 stripe_id=134 latency_s=0.125935
success_req[35] line=37 stripe_id=138 latency_s=0.171195
success_req[36] line=38 stripe_id=142 latency_s=0.184709
success_req[37] line=39 stripe_id=146 latency_s=0.146467
success_req[38] line=40 stripe_id=150 latency_s=0.142701
success_req[39] line=41 stripe_id=154 latency_s=0.187834
success_req[40] line=42 stripe_id=158 latency_s=0.144561
success_req[41] line=43 stripe_id=162 latency_s=0.185189
success_req[42] line=44 stripe_id=166 latency_s=0.15519
success_req[43] line=45 stripe_id=170 latency_s=0.145107
success_req[44] line=46 stripe_id=174 latency_s=0.172092
success_req[45] line=47 stripe_id=178 latency_s=0.15437
success_req[46] line=48 stripe_id=182 latency_s=0.168588
success_req[47] line=49 stripe_id=186 latency_s=0.168716
success_req[48] line=50 stripe_id=190 latency_s=0.169517
success_req[49] line=51 stripe_id=194 latency_s=0.214902
success_req[50] line=52 stripe_id=198 latency_s=0.193509
success_req[51] line=53 stripe_id=202 latency_s=0.134801
success_req[52] line=54 stripe_id=206 latency_s=0.190568
success_req[53] line=55 stripe_id=210 latency_s=0.118561
success_req[54] line=56 stripe_id=214 latency_s=0.241465
success_req[55] line=57 stripe_id=218 latency_s=0.132208
success_req[56] line=58 stripe_id=222 latency_s=0.171116
success_req[57] line=59 stripe_id=226 latency_s=0.159624
success_req[58] line=60 stripe_id=230 latency_s=0.161308
success_req[59] line=61 stripe_id=234 latency_s=0.1967
success_req[60] line=62 stripe_id=238 latency_s=0.119917
success_req[61] line=63 stripe_id=242 latency_s=0.158658
success_req[62] line=64 stripe_id=246 latency_s=0.112888
success_req[63] line=65 stripe_id=250 latency_s=0.173491
success_req[64] line=66 stripe_id=254 latency_s=0.142095
success_req[65] line=67 stripe_id=258 latency_s=0.102293
success_req[66] line=68 stripe_id=262 latency_s=0.179894
success_req[67] line=69 stripe_id=266 latency_s=0.212056
success_req[68] line=70 stripe_id=270 latency_s=0.220732
success_req[69] line=71 stripe_id=274 latency_s=0.162892
success_req[70] line=72 stripe_id=278 latency_s=0.150123
success_req[71] line=73 stripe_id=282 latency_s=0.171992
success_req[72] line=74 stripe_id=286 latency_s=0.10408
success_req[73] line=75 stripe_id=290 latency_s=0.192356
success_req[74] line=76 stripe_id=294 latency_s=0.156814
success_req[75] line=77 stripe_id=298 latency_s=0.172775
success_req[76] line=78 stripe_id=302 latency_s=0.212362
success_req[77] line=79 stripe_id=306 latency_s=0.122226
success_req[78] line=80 stripe_id=310 latency_s=0.267906
success_req[79] line=81 stripe_id=314 latency_s=0.159857
success_req[80] line=82 stripe_id=318 latency_s=0.177695
success_req[81] line=83 stripe_id=322 latency_s=0.213767
success_req[82] line=84 stripe_id=326 latency_s=0.191513
success_req[83] line=85 stripe_id=330 latency_s=0.184054
success_req[84] line=86 stripe_id=334 latency_s=0.158362
success_req[85] line=87 stripe_id=338 latency_s=0.195647
success_req[86] line=88 stripe_id=342 latency_s=0.0997323
success_req[87] line=89 stripe_id=346 latency_s=0.198138
success_req[88] line=90 stripe_id=350 latency_s=0.144624
success_req[89] line=91 stripe_id=354 latency_s=0.210954
success_req[90] line=92 stripe_id=358 latency_s=0.13705
success_req[91] line=93 stripe_id=362 latency_s=0.227256
success_req[92] line=94 stripe_id=366 latency_s=0.190644
success_req[93] line=95 stripe_id=370 latency_s=0.121454
success_req[94] line=96 stripe_id=374 latency_s=0.160404
success_req[95] line=97 stripe_id=378 latency_s=0.113051
success_req[96] line=98 stripe_id=382 latency_s=0.118187
success_req[97] line=99 stripe_id=386 latency_s=0.170967
success_req[98] line=100 stripe_id=390 latency_s=0.172535
success_req[99] line=101 stripe_id=394 latency_s=0.228113
success_req[100] line=102 stripe_id=398 latency_s=0.120513
success_req[101] line=103 stripe_id=402 latency_s=0.158628
success_req[102] line=104 stripe_id=406 latency_s=0.147569
success_req[103] line=105 stripe_id=410 latency_s=0.18843
success_req[104] line=106 stripe_id=414 latency_s=0.14038
success_req[105] line=107 stripe_id=418 latency_s=0.133078
success_req[106] line=108 stripe_id=422 latency_s=0.0773019
success_req[107] line=109 stripe_id=426 latency_s=0.160857
success_req[108] line=110 stripe_id=430 latency_s=0.134451
success_req[109] line=111 stripe_id=434 latency_s=0.111388
success_req[110] line=112 stripe_id=438 latency_s=0.170949
success_req[111] line=113 stripe_id=442 latency_s=0.234298
success_req[112] line=114 stripe_id=446 latency_s=0.164512
success_req[113] line=115 stripe_id=450 latency_s=0.209385
success_req[114] line=116 stripe_id=454 latency_s=0.156001
success_req[115] line=117 stripe_id=458 latency_s=0.239296
success_req[116] line=118 stripe_id=462 latency_s=0.207898
success_req[117] line=119 stripe_id=466 latency_s=0.208075
success_req[118] line=120 stripe_id=470 latency_s=0.191383
success_req[119] line=121 stripe_id=474 latency_s=0.148948
success_req[120] line=122 stripe_id=478 latency_s=0.141788
success_req[121] line=123 stripe_id=482 latency_s=0.145659
success_req[122] line=124 stripe_id=486 latency_s=0.155173
success_req[123] line=125 stripe_id=490 latency_s=0.187263
success_req[124] line=126 stripe_id=494 latency_s=0.198365
success_req[125] line=127 stripe_id=498 latency_s=0.167918
success_req[126] line=128 stripe_id=502 latency_s=0.209924
success_req[127] line=129 stripe_id=506 latency_s=0.144336
success_req[128] line=130 stripe_id=510 latency_s=0.139796
success_req[129] line=131 stripe_id=514 latency_s=0.198343
success_req[130] line=132 stripe_id=518 latency_s=0.138211
success_req[131] line=133 stripe_id=522 latency_s=0.142075
success_req[132] line=134 stripe_id=526 latency_s=0.152013
success_req[133] line=135 stripe_id=530 latency_s=0.114602
success_req[134] line=136 stripe_id=534 latency_s=0.173843
success_req[135] line=137 stripe_id=538 latency_s=0.208993
success_req[136] line=138 stripe_id=542 latency_s=0.115315
success_req[137] line=139 stripe_id=546 latency_s=0.217818
success_req[138] line=140 stripe_id=550 latency_s=0.148145
success_req[139] line=141 stripe_id=554 latency_s=0.187392
success_req[140] line=142 stripe_id=558 latency_s=0.180358
success_req[141] line=143 stripe_id=562 latency_s=0.172409
success_req[142] line=144 stripe_id=566 latency_s=0.15371
success_req[143] line=145 stripe_id=570 latency_s=0.163764
success_req[144] line=146 stripe_id=574 latency_s=0.220507
success_req[145] line=147 stripe_id=578 latency_s=0.248721
success_req[146] line=148 stripe_id=582 latency_s=0.182872
success_req[147] line=149 stripe_id=586 latency_s=0.127092
success_req[148] line=150 stripe_id=590 latency_s=0.202458
success_req[149] line=151 stripe_id=594 latency_s=0.114275
success_req[150] line=152 stripe_id=598 latency_s=0.21115
success_req[151] line=153 stripe_id=602 latency_s=0.171195
success_req[152] line=154 stripe_id=606 latency_s=0.206566
success_req[153] line=155 stripe_id=610 latency_s=0.0996925
success_req[154] line=156 stripe_id=614 latency_s=0.157075
success_req[155] line=157 stripe_id=618 latency_s=0.160242
success_req[156] line=158 stripe_id=622 latency_s=0.223997
success_req[157] line=159 stripe_id=626 latency_s=0.176033
success_req[158] line=160 stripe_id=630 latency_s=0.187124
success_req[159] line=161 stripe_id=634 latency_s=0.118509
success_req[160] line=162 stripe_id=638 latency_s=0.133884
success_req[161] line=163 stripe_id=642 latency_s=0.16949
success_req[162] line=164 stripe_id=646 latency_s=0.115967
success_req[163] line=165 stripe_id=650 latency_s=0.216393
success_req[164] line=166 stripe_id=654 latency_s=0.175558
success_req[165] line=167 stripe_id=658 latency_s=0.191617
success_req[166] line=168 stripe_id=662 latency_s=0.156033
success_req[167] line=169 stripe_id=666 latency_s=0.15298
success_req[168] line=170 stripe_id=670 latency_s=0.117146
success_req[169] line=171 stripe_id=674 latency_s=0.112894
success_req[170] line=172 stripe_id=678 latency_s=0.119574
success_req[171] line=173 stripe_id=682 latency_s=0.195304
success_req[172] line=174 stripe_id=686 latency_s=0.136941
success_req[173] line=175 stripe_id=690 latency_s=0.213361
success_req[174] line=176 stripe_id=694 latency_s=0.145599
success_req[175] line=177 stripe_id=698 latency_s=0.146733
success_req[176] line=178 stripe_id=702 latency_s=0.225053
success_req[177] line=179 stripe_id=706 latency_s=0.126642
success_req[178] line=180 stripe_id=710 latency_s=0.207808
success_req[179] line=181 stripe_id=714 latency_s=0.188945
success_req[180] line=182 stripe_id=718 latency_s=0.171233
success_req[181] line=183 stripe_id=722 latency_s=0.143018
success_req[182] line=184 stripe_id=726 latency_s=0.151078
success_req[183] line=185 stripe_id=730 latency_s=0.188178
success_req[184] line=186 stripe_id=734 latency_s=0.184893
success_req[185] line=187 stripe_id=738 latency_s=0.137068
success_req[186] line=188 stripe_id=742 latency_s=0.217687
success_req[187] line=189 stripe_id=746 latency_s=0.190521
success_req[188] line=190 stripe_id=750 latency_s=0.153831
success_req[189] line=191 stripe_id=754 latency_s=0.174127
success_req[190] line=192 stripe_id=758 latency_s=0.140979
success_req[191] line=193 stripe_id=762 latency_s=0.171438
success_req[192] line=194 stripe_id=766 latency_s=0.163677
success_req[193] line=195 stripe_id=770 latency_s=0.193029
success_req[194] line=196 stripe_id=774 latency_s=0.148804
success_req[195] line=197 stripe_id=778 latency_s=0.180456
success_req[196] line=198 stripe_id=782 latency_s=0.182683
success_req[197] line=199 stripe_id=786 latency_s=0.114867
success_req[198] line=200 stripe_id=790 latency_s=0.21539
success_req[199] line=201 stripe_id=794 latency_s=0.160907
success_req[200] line=202 stripe_id=798 latency_s=0.184576
success_req[201] line=203 stripe_id=802 latency_s=0.164754
success_req[202] line=204 stripe_id=806 latency_s=0.154227
success_req[203] line=205 stripe_id=810 latency_s=0.164615
success_req[204] line=206 stripe_id=814 latency_s=0.143365
success_req[205] line=207 stripe_id=818 latency_s=0.145489
success_req[206] line=208 stripe_id=822 latency_s=0.173338
success_req[207] line=209 stripe_id=826 latency_s=0.137363
success_req[208] line=210 stripe_id=830 latency_s=0.200376
success_req[209] line=211 stripe_id=834 latency_s=0.142986
success_req[210] line=212 stripe_id=838 latency_s=0.168472
success_req[211] line=213 stripe_id=842 latency_s=0.129613
success_req[212] line=214 stripe_id=846 latency_s=0.179757
success_req[213] line=215 stripe_id=850 latency_s=0.168027
success_req[214] line=216 stripe_id=854 latency_s=0.190541
success_req[215] line=217 stripe_id=858 latency_s=0.165662
success_req[216] line=218 stripe_id=862 latency_s=0.132765
success_req[217] line=219 stripe_id=866 latency_s=0.146561
success_req[218] line=220 stripe_id=870 latency_s=0.142057
success_req[219] line=221 stripe_id=874 latency_s=0.166267
success_req[220] line=222 stripe_id=878 latency_s=0.157709
success_req[221] line=223 stripe_id=882 latency_s=0.160213
success_req[222] line=224 stripe_id=886 latency_s=0.178336
success_req[223] line=225 stripe_id=890 latency_s=0.189232
success_req[224] line=226 stripe_id=894 latency_s=0.145506
success_req[225] line=227 stripe_id=898 latency_s=0.194453
success_req[226] line=228 stripe_id=902 latency_s=0.168151
success_req[227] line=229 stripe_id=906 latency_s=0.181627
success_req[228] line=230 stripe_id=910 latency_s=0.137414
success_req[229] line=231 stripe_id=914 latency_s=0.196291
success_req[230] line=232 stripe_id=918 latency_s=0.174081
success_req[231] line=233 stripe_id=922 latency_s=0.159598
success_req[232] line=234 stripe_id=926 latency_s=0.154868
success_req[233] line=235 stripe_id=930 latency_s=0.180146
success_req[234] line=236 stripe_id=934 latency_s=0.153463
success_req[235] line=237 stripe_id=938 latency_s=0.151834
success_req[236] line=238 stripe_id=942 latency_s=0.156515
success_req[237] line=239 stripe_id=946 latency_s=0.206871
success_req[238] line=240 stripe_id=950 latency_s=0.0757026
success_req[239] line=241 stripe_id=954 latency_s=0.149284
success_req[240] line=242 stripe_id=958 latency_s=0.18286
success_req[241] line=243 stripe_id=962 latency_s=0.147029
success_req[242] line=244 stripe_id=966 latency_s=0.136519
success_req[243] line=245 stripe_id=970 latency_s=0.114744
success_req[244] line=246 stripe_id=974 latency_s=0.14106
success_req[245] line=247 stripe_id=978 latency_s=0.220346
success_req[246] line=248 stripe_id=982 latency_s=0.199568
success_req[247] line=249 stripe_id=986 latency_s=0.154643
success_req[248] line=250 stripe_id=990 latency_s=0.158251
success_req[249] line=251 stripe_id=994 latency_s=0.173563
success_req[250] line=252 stripe_id=998 latency_s=0.154487
total_time=41.5036 s (failures excluded)
avg_time=0.166681 s (failures excluded)
成功请求数: 249, 失败请求数: 1
