# worker 0/4 from /root/xue/T00-1MB-1000-10log
# rule: stripe_id % 4 == 0
0 5 1679 1036069 1120058 2091772 3764904 4118209 4210967 4915528 6291456 7340032
4 6 41833 607422 1154483 1660725 3291466 3952201 5434157 6171736 7728194 8160893 9437184 10485760
8 5 160265 537384 2118121 3038189 3201061 4176741 6308109 7195633 7340032 8388608
12 5 60738 573965 1131158 1645874 2606749 2958707 6850038 7184756 7340032 8388608
16 4 2248202 3109128 3273128 4030903 5456296 6214388 7340032 8388608
20 5 1130 660656 1187618 1859148 3295280 4034534 6582838 7288537 7340032 8388608
24 5 1117193 1794348 2136473 3102935 3311495 4053073 4204071 4542281 5242880 6291456
28 5 23114 575378 1398335 1664196 3420408 3819726 4657602 5089176 5242880 6291456
32 6 20302 683570 2213771 2969469 3628390 4099801 4354311 4983098 5476632 5977427 6291456 7340032
36 5 326712 935095 3493534 4084842 5557790 5950613 6372533 7166433 8388608 9437184
40 4 477538 816047 3475906 4172622 4245274 5111052 7340032 8388608
44 4 2380347 2977730 3290823 3637458 4436799 4857100 9437184 10485760
48 7 56179 992294 4678429 5082864 5295607 5748307 6490215 7025152 7451002 8056400 8559969 9298899 9437184 10485760
52 5 1080309 1972030 3156494 4012061 4473615 5099828 5437165 6148495 6291456 7340032
56 4 4212409 5209797 5245541 6090474 7390116 8193982 9437184 10485760
60 4 310636 776327 4572715 5073392 7656982 8107284 8388608 9437184
64 6 1107738 1994966 3245441 4055542 4426417 5160959 6742431 7316372 8501023 9380280 9437184 10485760
68 6 591 1048074 1113773 1836402 2256583 3010192 4220682 5216549 8650999 9198613 9437184 10485760
72 5 132329 724268 3206504 3807625 6561252 7247204 8029638 8292988 8388608 9437184
76 5 3547947 3961759 4727233 5189246 7343633 8388321 8461809 8867092 9437184 10485760
80 7 119780 933423 2854689 3132926 3575621 3988922 5263112 6211843 6783752 7124359 7517535 8057575 8388608 9437184
84 5 1532126 2037737 3179017 4110052 4328168 5072206 6292687 7254064 7340032 8388608
88 5 4306 1034384 2406597 2763252 4586199 5190932 7432117 8129947 9437184 10485760
92 6 1195142 1579629 2136171 2445864 3404005 3985298 5344793 5728698 7482286 7990635 9437184 10485760
96 6 1454568 2061231 3770660 4187525 4485047 4750164 5379186 5793046 8454315 9282915 9437184 10485760
100 4 2236234 3124788 3383605 3954971 4353013 5145265 5242880 6291456
104 5 291643 920908 2157384 2804943 3446721 4000964 6741412 7240700 7340032 8388608
108 5 2634386 3122570 3507667 3889157 6349594 7062535 7695613 8254762 8388608 9437184
112 5 90111 692799 1169187 2079482 3206006 4191258 4240509 4882083 6291456 7340032
116 5 1540275 1874022 3304493 4030325 5552954 6103114 8757646 9078690 9437184 10485760
120 5 2104015 3078034 4279147 5202823 6326012 6939061 7389580 7997429 8388608 9437184
124 4 401765 1017032 1082929 1993125 4293058 5181460 5242880 6291456
128 6 269144 1002433 1507299 1923949 2329975 2688287 4377587 5112772 8823658 9113767 9437184 10485760
132 6 150551 666385 4419348 4986912 5887554 6151338 6417580 7049678 7449232 8309760 8388608 9437184
136 5 1114741 1518288 2127146 3140117 5550576 5851500 7385966 7859493 8388608 9437184
140 5 2331576 2962343 3515413 3821969 5356897 6263759 6626722 7176758 7340032 8388608
144 5 3274322 3746368 4271953 4676418 5333401 6069546 7369202 8379368 8388608 9437184
148 5 40112 845525 2183479 2764520 6629790 7061768 7354808 8360740 8388608 9437184
152 5 1101803 2082211 3383515 3957541 4257127 4595788 8849567 9277470 9437184 10485760
156 5 259467 816634 3269089 4157776 5524260 6086032 6404174 6674892 9437184 10485760
160 6 1370000 1976041 2182349 2778495 4517527 5191713 6296358 7333734 7428210 8312919 8388608 9437184
164 5 2220780 3124105 3157645 4191370 4339093 4666543 6345809 7151831 7340032 8388608
168 3 1082188 2032168 5244842 6290627 7340032 8388608
172 6 303528 761033 2106869 2408299 3443503 4018533 5271008 6165215 6440648 7054109 9437184 10485760
176 7 15495 977863 1209430 1959576 2522262 2951881 4260170 5241714 5263260 6263137 8697977 9083240 9629882 10363945
180 5 713 1021271 2230560 2907886 6024912 6290217 7416609 7907239 9437184 10485760
184 5 2386191 2810991 3264054 3723834 6983723 7279649 7662428 8364177 8388608 9437184
188 6 1612634 2067589 2223488 2982152 3461072 3959506 5252340 6256432 6321667 7069328 8388608 9437184
192 5 2296728 2855681 3425514 4176557 4241392 5183769 6428589 7014137 9437184 10485760
196 5 700674 1040759 2103845 2416860 4266389 4960957 7370366 8293848 9437184 10485760
200 5 85182 1032817 3243770 3539137 4393147 5080256 5532654 6190288 9437184 10485760
204 4 3148020 4185843 5290338 6275276 6816575 7160956 8388608 9437184
208 6 451914 910552 1340596 2073386 4328637 5172468 5297035 5987044 6385428 6675109 7340032 8388608
212 5 2272650 2996401 5554513 6268190 6606485 7011365 7656288 8254673 9437184 10485760
216 5 35186 1033046 2119429 3004238 6551745 6928571 8475730 9427419 9437184 10485760
220 5 7542 1014991 1408319 1694145 2111486 3053075 5264422 6236598 7340032 8388608
224 5 1093803 2003298 2136138 3104591 3167945 4074422 5260436 6227338 9437184 10485760
228 4 117882 668230 3221401 4047268 4673840 5112363 9437184 10485760
232 5 4206785 5181225 6723045 7127364 7630826 7955135 8405239 9355140 9437184 10485760
236 6 2103497 3081348 3250139 3560457 4297049 5215789 5251416 5995466 7505689 7898105 8388608 9437184
240 5 401677 903889 1155978 1511792 2425724 2796082 3302623 3950183 6291456 7340032
244 5 518927 1032038 3204838 3871612 4718154 5233090 5320727 6251948 6291456 7340032
248 5 1134231 1958820 3453189 4125044 4294341 5221590 6380723 7324273 8388608 9437184
252 7 43746 900313 1131051 1778743 2502599 3032251 3747518 4117565 4209421 5178431 7873573 8375216 8388608 9437184
256 6 105209 754192 1344173 1912076 3533478 4114294 4257895 5173005 5435961 6184567 9437184 10485760
260 5 34999 827122 1156050 2086363 4233536 4909187 5391730 6274521 7340032 8388608
264 5 373023 895443 2366352 3043988 3855806 4169278 5379282 5954783 8388608 9437184
268 5 1195300 1745783 2175077 2904897 5886817 6185293 6355887 7267284 9437184 10485760
272 5 2108581 3144684 3455877 4094232 4931927 5223647 8411655 9408390 9437184 10485760
276 5 1094543 1974245 2258015 2916923 5252530 6284323 7526372 7922050 8388608 9437184
280 7 118270 883194 2570361 3003062 3180763 3520196 4204830 4776208 6428362 7024704 7417836 7789792 9437184 10485760
284 4 217005 506134 3451714 3892988 7836606 8184666 9437184 10485760
288 6 1089971 1665484 3163935 3840061 4344045 5132680 6501289 7305355 7517643 8379032 8388608 9437184
292 5 75420 760112 1153884 2064304 2512170 2814980 7702060 8311800 9437184 10485760
296 4 1279087 2090984 4201892 5060332 6493583 6937903 8388608 9437184
300 5 497126 768600 5424494 5825379 6293674 7186161 8653258 9150041 9437184 10485760
304 4 105931 997255 3187616 4142376 6309796 7285764 8388608 9437184
308 5 2174235 3050394 4256055 5004487 5271022 6026559 6367946 7295303 8388608 9437184
312 5 18786 480764 4194844 5166609 5339034 6258306 6528712 7051765 9437184 10485760
316 5 14170 970439 4196891 5144350 8063287 8376009 8825628 9209186 9437184 10485760
320 5 704258 979770 1164371 1519841 3321108 4185294 5321074 6101323 7340032 8388608
324 4 309723 1008103 2326875 3095140 8786805 9239014 9437184 10485760
328 4 49628 986339 3268935 3953945 4675699 5020502 9437184 10485760
332 5 172129 482274 4267939 5046425 5269698 6283520 7606673 7980974 8388608 9437184
336 5 2334573 2905180 3290620 3692614 4510200 5205138 8437656 9433818 9437184 10485760
340 4 8468 838072 3383017 4021266 4840340 5209942 6291456 7340032
344 3 4363050 4761578 8455458 9329955 9437184 10485760
348 5 4314598 4585973 5288231 6251807 7466043 8195502 8469047 9404653 9437184 10485760
352 5 264144 712926 1067041 1914378 5302555 6167590 6505172 7038528 8388608 9437184
356 6 156409 1019091 2378774 3054142 5265195 6101461 6401584 6983219 8390126 9436915 9437184 10485760
360 5 1377005 1644215 2329438 2849715 3174309 4183247 5683339 6235602 8388608 9437184
364 4 2230953 3018562 3561787 3918883 4457584 5101268 9437184 10485760
368 5 4736064 5079826 5440184 5966135 6832911 7328781 7525052 8212752 9437184 10485760
372 3 270804 707369 2638889 3089816 9437184 10485760
376 6 120316 832253 2297029 3064716 4503134 5132822 6293056 7332607 8458801 9167102 9437184 10485760
380 5 2187422 3055277 5268971 6270879 6293718 7327385 7355640 8309092 9437184 10485760
384 5 133837 1024617 1231670 2034683 3323443 3828511 4199030 5167939 8388608 9437184
388 6 3501888 4019122 4435854 5179135 6298625 7176101 7400990 8168516 8424025 8956512 9437184 10485760
392 4 11079 840999 1243189 2011052 6374140 7287101 7340032 8388608
396 5 1158955 1865635 3340925 4042519 5452905 6097861 8624919 9180275 9437184 10485760
400 6 1194719 2044432 2277580 2809957 5674642 5957584 6659601 7048871 7366109 8340850 8388608 9437184
404 6 175018 657962 2151158 2829634 3212619 3574958 4481841 5240156 5270525 5589109 6291456 7340032
408 6 191775 776742 3281941 3976312 6609775 7035200 7340128 7613340 8602354 9413234 9437184 10485760
412 4 1191252 1928156 4235116 5231758 7438487 8216526 9437184 10485760
416 4 1049125 2084718 3628948 4099947 6304087 7337272 7340032 8388608
420 5 1096496 1882843 2141509 3122918 5250751 6168393 6664243 6989065 7340032 8388608
424 6 1478187 2050366 2381109 2919394 3383796 4030885 4863322 5126220 7439395 8232074 8388608 9437184
428 3 515276 996297 1539371 1885355 3145728 4194304
432 5 2182258 3021204 6507642 7159562 7396470 8322615 8399206 9422477 9437184 10485760
436 3 2289609 2829613 5308378 6180956 8388608 9437184
440 5 132311 997653 2330025 2686627 3297657 4012718 4271905 4947526 6291456 7340032
444 5 115922 1024220 1086801 2002398 2120680 2844683 4403689 4910664 9437184 10485760
448 4 454772 1023619 1099238 2042338 4593498 5098039 5242880 6291456
452 5 1088618 1951489 3309506 4018830 6377776 7274695 7624318 8357450 9437184 10485760
456 5 41668 680524 3196834 4180546 5313180 6075077 8610418 9399287 9437184 10485760
460 5 159674 839193 2339030 2900977 3588711 4025428 7661490 8232355 8388608 9437184
464 5 19672 973383 2248783 2680926 4248106 4697805 6452969 7155076 7340032 8388608
468 4 114176 427733 4287757 4987112 5541074 5972390 9437184 10485760
472 6 1309535 2092188 4288627 5067199 5303886 6205038 7359069 8364220 8390265 8855366 9437184 10485760
476 6 2339619 2953150 3175099 3871304 4272775 5081303 5432925 6287454 7381385 8354670 9437184 10485760
480 6 199451 623157 3399206 4017987 4211462 5241626 6698058 7285636 7415159 8020541 8388608 9437184
484 5 1349560 1908731 4373898 4892759 5569383 5906230 8477406 9382602 9437184 10485760
488 4 3214268 3508146 5302065 6062633 7590983 8221639 9437184 10485760
492 5 1219167 1966705 4219903 5064098 6383821 7112808 7552784 8137926 9437184 10485760
496 5 452686 961498 1087252 2085729 4522096 5197660 5616054 6211778 6291456 7340032
500 5 130588 998744 2104909 3133471 3178609 4187475 4409701 4954174 6291456 7340032
504 5 44323 912691 3159259 4022090 4232544 5182889 5253108 6288451 9437184 10485760
508 5 2558719 3070368 3166620 4190029 6512555 6950108 7430491 8298457 8388608 9437184
512 5 1048823 2096445 3152115 4184242 4282753 5090106 5266462 6239244 6291456 7340032
516 5 1339332 1679067 2498545 2826106 4368710 5038320 5513662 5838782 6291456 7340032
520 3 6328208 7013885 7399236 8227746 9437184 10485760
524 5 1086008 1494892 5269476 5734092 7359461 8376306 8901605 9413818 9437184 10485760
528 5 161383 1047406 1114751 1608182 3592643 4067271 8814078 9429951 9437184 10485760
532 5 2222589 2916779 3185176 3630347 4241490 5128870 7372792 8386973 9437184 10485760
536 5 269957 1040724 2171453 2555300 6757884 7266757 8540589 9424230 9437184 10485760
540 6 113478 888599 2221274 3103735 3292093 4039479 4959783 5237135 7469349 8180399 9437184 10485760
544 3 2250154 3110385 4671239 4958982 7340032 8388608
548 6 12325 1047668 2152148 3022591 3147574 4190924 4379226 4977400 5506893 6049382 7340032 8388608
552 5 2108414 2835978 3244850 3812671 7363139 7691290 8740800 9246557 9437184 10485760
556 7 1233947 2085901 2795035 3093553 4374578 4969061 6682485 7099759 7623077 8355432 8948173 9380812 9437184 10485760
560 5 2120795 2588161 3710294 4060087 6337266 7066506 8492003 9290795 9437184 10485760
564 5 1055516 1410404 3480646 4172140 4411628 4960378 5825693 6271225 8388608 9437184
568 6 1320720 1601261 4804212 5237113 5396115 5719611 6533175 7130528 7348911 8338014 9437184 10485760
572 6 1634368 2094081 2234948 3140318 3332517 4152603 4378398 5218425 6729075 7110721 8388608 9437184
576 5 52435 930725 1417185 1873086 4289493 4582317 7630881 8045652 8388608 9437184
580 5 148694 814310 1212157 1953443 3203918 4186482 5669946 6168935 9437184 10485760
584 5 260714 1035969 1189723 1693901 2201593 2494904 7340897 8376678 9437184 10485760
588 5 1110156 2090966 4276255 5037427 5257491 6050932 7478124 8150664 9437184 10485760
592 3 299029 957259 5411921 6083325 7340032 8388608
596 6 2531591 3003530 4326039 5010026 5361691 6279157 6363226 7329551 8408114 8859631 9437184 10485760
600 4 4415563 5135025 7344882 8285372 8555707 9029653 9437184 10485760
604 4 1262682 1985649 2549560 3078363 3160388 4040647 8388608 9437184
608 6 1424692 2035720 3198364 3903390 4467950 4898226 5260277 6053351 6512113 7143205 7340032 8388608
612 6 1347624 2005416 2118893 2616428 3731389 4017618 6371672 7312356 8418585 9337795 9437184 10485760
616 5 1352865 1645179 2220614 2757274 6409676 7319504 7727625 8250149 9437184 10485760
620 5 2191154 2591625 3518106 4112981 4307793 5126126 7613087 8023914 8388608 9437184
624 5 28405 1045276 3275388 3692777 7389093 8017823 8686525 9162299 9437184 10485760
628 5 170349 907604 4212954 5242178 5464514 5862260 9063517 9376708 9437184 10485760
632 6 538277 842823 2340172 2960661 3175118 4146560 5332826 6274038 6301618 7312063 9437184 10485760
636 6 119275 997151 1107551 2072513 2166639 3082895 5667556 6287615 6512777 6971205 7340032 8388608
640 5 2147199 2974087 3461263 3813682 5320561 6068641 6512642 7271799 7340032 8388608
644 4 82798 949344 3162376 4004650 8856732 9399735 9437184 10485760
648 4 258854 957189 2220212 2800758 3195062 3676812 7340032 8388608
652 4 460438 934279 2100605 2798694 5739552 6258928 9437184 10485760
656 4 356972 1040646 3182009 4178984 4572604 5153853 9437184 10485760
660 6 328723 863241 1141499 1935794 2147203 2539174 4210655 5155382 5399097 6131775 6291456 7340032
664 4 6597799 7136445 7562027 8347229 8645268 9368869 9437184 10485760
668 5 1049669 1824350 3719862 4110276 4229727 4857455 5680739 5989735 9437184 10485760
672 7 557695 945965 3165623 3616241 4606791 5157254 6548657 7026603 7378013 8380050 8432987 9160939 9437184 10485760
676 4 4248702 4637688 5494142 5968684 6445080 7333228 7340032 8388608
680 7 21939 968864 2160250 2422963 3289017 4056769 4260073 5149126 7389859 8365032 8720066 9350698 9548728 10319360
684 3 182580 1027512 2129197 3128804 6291456 7340032
688 3 1179733 2038623 4283683 5063835 6291456 7340032
692 6 42891 655999 1055227 1916967 3149424 4184834 5270655 6255843 7602159 7942359 8388608 9437184
696 6 106773 437903 3153040 4125661 4207988 5056556 5688487 6259873 7550629 8212758 9437184 10485760
700 5 4348873 4763715 5404714 6159189 6381345 7276125 7533405 8100751 8388608 9437184
704 3 1150499 1874444 2173919 3098065 4194304 5242880
708 4 2461193 3119903 3312426 3967005 4306905 5197721 8388608 9437184
712 5 2396714 3054258 3538007 3964996 6580103 7109140 7480887 7831907 9437184 10485760
716 5 2106050 3143952 3150202 3686166 4342072 4918237 5653464 6279078 6291456 7340032
720 5 297895 906331 1153321 2075899 6441894 7336332 8588528 9260545 9437184 10485760
724 5 82331 754578 2232562 2610829 3255412 4080067 5278931 6042557 6291456 7340032
728 5 2197326 2651825 3512019 4186831 5494218 5802147 6578531 7006278 7340032 8388608
732 4 1194926 1950726 3324603 3755952 7976505 8257592 8388608 9437184
736 4 430192 1045828 6357696 6821325 7441327 7934753 9437184 10485760
740 5 1093522 1952520 4697114 5223436 5871886 6233376 7670791 8273045 9437184 10485760
744 5 2643326 2947001 4534066 5231257 5636384 6200995 8628742 8915730 9437184 10485760
748 5 198032 877765 2590730 3028789 3367343 4092303 4354053 5146034 7340032 8388608
752 7 20356 711144 2500671 2893339 4236866 5092093 5700371 6166178 6695823 7225624 7351454 8370927 9437184 10485760
756 5 1123398 1746664 4586854 5131087 5660182 6142029 6311647 7306755 8388608 9437184
760 5 290206 683088 1407348 1736876 2711246 3004497 3646839 4155167 4194304 5242880
764 5 73260 891809 2146398 3141774 4580630 5103384 6540597 7276611 7340032 8388608
768 4 1050491 2063169 2439512 2869674 3292716 3956978 8388608 9437184
772 5 167584 874008 3501877 4146776 4739302 5133888 6370311 7328439 7340032 8388608
776 5 427301 1003075 2118017 3071435 3720287 4005044 5419780 6093265 7340032 8388608
780 5 94179 853217 2220199 2537364 6461875 7264491 7651140 8268212 8388608 9437184
784 4 1049870 2046795 2388687 3063756 3351111 4175728 5242880 6291456
788 4 148548 607901 1497411 2073822 3286455 3774266 8388608 9437184
792 5 11662 945080 1223435 1866022 2173870 2722540 6578395 7077271 8388608 9437184
796 5 397201 808945 1118665 1975939 2767394 3084970 4565239 5215514 5242880 6291456
800 5 548946 987808 3329033 3827178 4579184 4920099 5781517 6183455 8388608 9437184
804 3 3700525 4051529 6526994 7328440 7340032 8388608
808 6 1065279 2042275 3539515 4142328 4457422 5138866 6315766 7339170 7408932 8078813 9437184 10485760
812 5 2180314 3101915 3386254 3804348 4333026 4721482 6311571 6994490 8388608 9437184
816 5 1239197 2016492 2256722 2869386 6393049 6772139 8390398 9353984 9437184 10485760
820 5 3153423 4167737 5278378 5997833 7559710 8328128 8520694 9332043 9437184 10485760
824 5 457904 1003619 1722194 2038360 2317324 2840571 4224761 5047468 7340032 8388608
828 5 2511825 2987793 3613451 4038796 6746436 7251559 7417801 8066492 9437184 10485760
832 3 5568 1009533 1194569 1668862 5242880 6291456
836 4 1110625 1722704 4238765 4878913 5876750 6184346 9437184 10485760
840 4 3398061 4104625 5270008 6259256 6378871 7271988 8388608 9437184
844 4 46134 1037856 2492948 2905118 3146591 4177426 8388608 9437184
848 5 238182 944524 2283643 3126861 3627627 4160360 8520170 9382167 9437184 10485760
852 4 52881 893515 1052818 1984361 4476547 4990700 9437184 10485760
856 6 1237485 1804598 2210110 3126010 3861772 4165872 5368242 6036849 8467249 8948357 9437184 10485760
860 5 2747912 3054804 5250358 6187645 6295467 7334650 7376784 8372664 8388608 9437184
864 5 76291 831231 1076555 2010014 4492207 5090091 7970307 8265295 9437184 10485760
868 5 2102358 2772542 4350837 5201136 5324468 5794817 6313343 7333317 7340032 8388608
872 6 2208785 3039746 3346289 4157016 5302323 5916606 6772567 7219065 7535655 8246991 9437184 10485760
876 7 117407 772393 3220073 4014433 5704047 6246799 6326124 7278945 7779639 8364111 8515252 9212257 9437320 10453804
880 5 6049 726862 1149505 2071092 3185848 4070099 5891004 6182317 6291456 7340032
884 5 220511 562674 1103614 2086482 3310136 3965762 5361933 6288404 6291456 7340032
888 5 1277198 2059227 3393806 4193509 4295520 4977033 5333560 5857945 8388608 9437184
892 3 2472274 2929363 5319048 5838426 6291456 7340032
896 3 1523355 1915619 4537057 4978654 6291456 7340032
900 4 1249021 1603457 3172344 4193770 5524715 6173657 6291456 7340032
904 3 3657061 4116250 6648443 7020199 7340032 8388608
908 5 371643 721937 4305487 5020063 5659089 6079169 7452976 8241704 9437184 10485760
912 5 2136231 3138515 3530493 4094604 5341700 5607101 7867717 8323930 9437184 10485760
916 6 1116036 1950403 2160917 3118695 3336720 3864716 4201413 4944592 5400760 6032659 6291456 7340032
920 3 1287141 2003800 5333843 6190175 8388608 9437184
924 4 1082273 1573906 2283081 3041387 3550730 4073684 6291456 7340032
928 5 79269 986505 1439811 1956387 6942506 7338107 8536869 9368672 9437184 10485760
932 5 31728 926992 1073968 1881185 3359945 3881303 7836786 8207569 8388608 9437184
936 5 218573 967218 4271985 4979598 5540069 5831542 6354436 7095865 8388608 9437184
940 5 1357304 1959266 4285555 5156633 5404747 6279776 8424034 9109565 9437184 10485760
944 4 1218539 1691648 4471405 5188697 7430228 7894008 9437184 10485760
948 5 368717 1040252 2132778 2770212 3447790 3875465 4754687 5095240 6291456 7340032
952 6 37329 408589 1166669 1949532 2143060 3087131 7590428 8305048 8798361 9378662 9437184 10485760
956 4 94682 816685 1071497 1629964 8571934 9163462 9437184 10485760
960 4 1074395 2096663 2134761 2545762 3607392 4116061 8388608 9437184
964 5 22215 1040693 1498684 2062208 3267232 4090113 4494512 5201079 6291456 7340032
968 5 57106 902896 3176443 3867046 5263732 6133599 7810341 8362359 9437184 10485760
972 5 1123590 1682569 3488130 3776168 5337327 6235921 6505437 7118839 9437184 10485760
976 6 15797 1004680 2312071 3040839 3187508 3829111 5536720 6167946 7360071 8152420 9437184 10485760
980 4 1115398 1749123 2389149 3073153 3453371 3968677 6291456 7340032
984 5 2264178 2929046 6441608 6890834 7560946 7867061 8660784 9374379 9437184 10485760
988 6 1052392 2081709 2138605 2771652 4196126 5238701 6293892 7318729 7422202 8027351 9570106 10478061
992 3 3191433 4122269 4472418 5242317 6291456 7340032
996 4 41630 1011551 2302346 2995694 5465806 6191369 6291456 7340032
