# worker 1/4 from /root/xue/T00-1MB-1000-10log
# rule: stripe_id % 4 == 1
1 3 52124 902776 3173221 4186165 9437184 10485760
5 5 1219915 1738761 2296095 3042953 4679475 5224679 5333078 6266310 9437184 10485760
9 5 15014 990486 4264685 5241654 7742999 8284929 8433195 9367436 9437184 10485760
13 6 2208195 2914031 4392292 5219928 5249471 6277003 7360460 8370185 8740765 9421282 9479774 10471408
17 4 1293431 1986646 3147503 4174138 5255779 6223996 6291456 7340032
21 5 1655890 1979358 2106035 3139655 3474566 3800628 7392610 7714696 8388608 9437184
25 5 1118096 1910698 4560266 4961300 7596182 7930458 8538023 9187644 9437184 10485760
29 5 59239 1045969 6863548 7281986 7727183 8027105 8533449 9406398 9437184 10485760
33 3 3598897 4153177 5535563 5870499 6291456 7340032
37 5 1489445 1952747 4243999 5203372 5265690 6238053 6370348 7277906 7340032 8388608
41 5 1138704 2088774 6403220 6671178 7454767 8162709 8931726 9378300 9437184 10485760
45 5 1333060 1942158 2315137 3065838 3362609 3690043 6495654 7198350 8388608 9437184
49 5 10162 765458 2097258 3144810 4311860 4940964 6300449 7244318 9437184 10485760
53 4 55332 831489 5432770 6149496 6408316 7336919 7340032 8388608
57 4 3403059 4164422 5251920 5984009 6599984 6959701 7340032 8388608
61 3 2154326 2464196 4270885 5113267 8388608 9437184
65 5 27659 945703 1394830 1934475 6456142 6803417 7522288 8035948 9437184 10485760
69 5 316519 916641 1062136 1586809 3385772 3743679 5318272 6287469 7340032 8388608
73 6 130676 1045698 1106515 2024447 2310598 2626860 4482253 5024425 6593476 6992997 7340032 8388608
77 5 380659 939381 4633382 5208584 5394903 6272495 6355634 7309776 9437184 10485760
81 5 1148193 1969880 5571503 6165690 6323434 7339207 7349442 8178882 9437184 10485760
85 6 78421 956678 2152767 3084886 3162118 4148108 4352702 5093873 7743412 8214450 9437184 10485760
89 4 4463756 4898437 5397619 6165017 6295021 7339989 8388608 9437184
93 5 4199367 5223405 5586247 6283428 6804573 7170548 8495593 9403295 9437184 10485760
97 6 84874 964475 1231286 1509977 2124624 2665026 7781441 8176500 8418400 9232184 9437184 10485760
101 5 1482490 1984226 3383492 4001031 6509554 7189796 7343147 8370345 8388608 9437184
105 6 189179 481682 2465568 3014256 4372469 4958606 5246081 5876299 8538818 8991179 9437184 10485760
109 5 314218 990825 1056636 1376223 4510365 4986862 7483933 7967571 8388608 9437184
113 5 1069192 1880750 3308401 3985536 4197085 5241262 6640703 7135182 8388608 9437184
117 5 150511 799304 4870285 5212887 6936339 7293165 7472956 8358037 8388608 9437184
121 5 4233723 5127844 5285610 5897309 6465417 7338607 8755421 9165863 9437184 10485760
125 4 190997 883957 2128285 3099646 7660159 8388079 9437184 10485760
129 4 3538852 3886565 5272436 5770025 7391980 7988289 8388608 9437184
133 4 142627 956384 1254729 2048844 5388147 6182571 8388608 9437184
137 6 132809 891348 3824052 4124595 4494313 4956843 5652265 6288723 6979040 7291310 7340032 8388608
141 7 459457 871316 1180937 1479570 2344611 2677254 4242319 5180965 6492181 7134067 8397097 9254040 9437184 10485760
145 7 1231123 1658423 2363886 3005082 4321561 4818839 5388502 5861389 6809475 7319854 8767035 9056739 9437184 10485760
149 5 1120775 2048824 2162777 2712703 4233995 5151522 7479880 8386298 8388608 9437184
153 5 1500242 2090152 3166654 4182056 4205621 5237629 5311439 5991667 7340032 8388608
157 5 26821 709005 2244428 3104555 4574437 5040691 5318535 6160775 6291456 7340032
161 5 4443284 5019781 5629131 5908720 7693300 8302773 8825382 9202454 9437184 10485760
165 5 1328088 2072224 2383556 3004655 6645805 7279445 7362338 8380426 8388608 9437184
169 4 1694160 2070836 4198224 5237248 8441839 8958218 9437184 10485760
173 5 1191621 1944520 4312422 4776743 7425225 8034116 8403645 9432423 9437184 10485760
177 5 1050106 2096306 2385109 3083298 3427542 4183385 7368659 8327156 9437184 10485760
181 3 495002 829517 1349612 1645032 5242880 6291456
185 6 468127 765478 3158488 4047454 4240689 4759455 6521598 7205547 8616431 9124297 9437184 10485760
189 5 1155183 1684709 2436212 3044661 3617363 3962418 6339933 6991179 8388608 9437184
193 5 1216470 1970910 5631592 6106730 6508474 7098740 7929881 8239961 9437184 10485760
197 4 195664 935968 2744999 3070529 3233120 4163970 4194304 5242880
201 5 102809 1041187 1345247 1954753 2650967 3013105 3386655 3693417 6291456 7340032
205 5 357137 698991 1152569 2049278 3161260 3765634 5278705 6205775 7340032 8388608
209 5 203318 899373 1635292 1986249 2274972 2791649 5292783 6273532 6291456 7340032
213 6 1433861 2001610 2138629 3129489 3272828 4049830 5440041 6043901 7768110 8324170 9437184 10485760
217 5 55545 769054 2200548 2473752 6407848 6941298 7535815 8333441 9437184 10485760
221 6 1160346 2009534 2218711 2965353 3475903 4162770 4389744 4845299 7426186 8359920 8388608 9437184
225 5 1057840 2047104 2198985 2996767 3458426 4159125 4797031 5203739 7340032 8388608
229 5 406382 949427 1264394 2096026 4478490 5125316 7802838 8108613 8388608 9437184
233 5 2508928 3030651 3220266 3995644 5408660 6276278 7669186 8213100 9437184 10485760
237 5 39566 983281 1335906 1764749 3832113 4192131 5374156 6014243 6291456 7340032
241 4 1050797 1903594 2140174 3042284 4378427 5102048 9437184 10485760
245 4 297995 965768 1240157 1943608 5421909 6256949 8388608 9437184
249 5 455589 808133 1523970 1907734 3160153 4064336 4543521 5129979 6291456 7340032
253 3 190828 947653 3224415 3888142 9437184 10485760
257 5 12535 704633 1411827 1918286 3255772 4184749 7397520 8386810 8388608 9437184
261 4 2517010 3109464 3513110 4187294 4199649 5232866 9437184 10485760
265 6 1126 1047687 2196478 2720611 3199156 3945787 4321656 4730383 6356120 6630801 7340032 8388608
269 5 200810 756320 6731055 7137101 7891388 8362678 8409086 8932480 9437184 10485760
273 6 2189194 2775403 3165631 3942034 4253200 4609985 6520893 7026960 7892053 8175093 9437184 10485760
277 5 424047 1019865 1106482 2009705 4268431 5201293 6811743 7183054 9437184 10485760
281 5 311443 927953 1175122 2080719 2099183 3100053 4280810 4995229 6291456 7340032
285 6 2770197 3127904 3247315 4080016 4583347 5039353 5436552 6098670 6758885 7216675 7340032 8388608
289 7 1093324 1487783 2138239 2844323 4251371 5229823 5397941 5871812 6359059 7245155 7721243 8318668 8388608 9437184
293 4 428545 1044967 4357330 4937250 5684774 6240882 7340032 8388608
297 6 369431 1009455 3433014 3903939 6534840 7183228 7444088 8235895 8404844 9333263 9437184 10485760
301 5 2229271 2972709 3635096 4126048 4549349 5128315 6507544 7315616 9437184 10485760
305 5 3164245 3833524 4344261 5217749 6651292 7112576 7363407 8387393 8388608 9437184
309 5 1448785 1836565 4272516 5090235 7368376 8063694 8532645 8952891 9437184 10485760
313 5 154316 944246 2184718 2767846 3193667 3524269 4346781 4921612 5242880 6291456
317 5 1264053 1686762 3190668 4181773 4195523 5118596 5463537 6041424 8388608 9437184
321 6 1203776 1944858 2340567 2879666 5347537 5662193 7381392 7826724 8577464 9144289 9437184 10485760
325 6 231047 924453 2163564 2473913 3489122 4025586 6297936 6889582 8433036 9433973 9437184 10485760
329 5 1214283 1945211 3667261 4053878 6291601 7335184 7763069 8132842 9437184 10485760
333 5 1402925 1864905 3580331 3955475 6955456 7266359 8465784 9432719 9437184 10485760
337 5 1124749 2041380 3190986 4173094 5260269 6227447 6303109 7310157 8388608 9437184
341 6 1092124 2080864 2497270 2808675 3364128 4032652 4235284 5215858 6305559 7146647 8388608 9437184
345 3 338302 761615 2110483 2998501 7340032 8388608
349 6 283239 814437 3154995 4176282 5784855 6072904 6561102 7216418 8505408 9300999 9437184 10485760
353 5 15506 983654 3147274 3970232 5337289 6272013 6308033 7218563 9437184 10485760
357 6 1241506 1672422 3410746 3904402 4314494 4780403 5837729 6290040 6866968 7186142 9437184 10485760
361 5 2352465 2934919 3174257 4014870 5328835 5775287 7790245 8346636 8388608 9437184
365 3 2180630 2910670 3739596 4189587 8388608 9437184
369 6 461267 869129 4435466 4871260 5782415 6125391 6328262 7265140 7497570 7981505 8388608 9437184
373 7 89426 856635 1479296 1971459 3183139 4075308 4241983 5115075 7409374 8325002 8747924 9185936 9556058 10420665
377 5 1183740 1874381 3151463 3611809 4194770 5200510 6428436 7296643 7340032 8388608
381 5 1226014 1908176 2258115 3097580 4239167 5232228 7343443 8346709 9437184 10485760
385 5 351095 983520 1261149 1937630 2149662 3026355 3149756 3954792 8388608 9437184
389 5 2237569 3041306 3880589 4152928 5373038 5911324 8437371 9000759 9437184 10485760
393 5 1257179 1813203 4328779 4823804 7891305 8210227 8639385 9345261 9437184 10485760
397 4 1470149 2015355 2550366 3059769 3248521 3910050 5242880 6291456
401 5 2164056 3132093 4428624 5201942 6691037 7035397 8463718 9369335 9437184 10485760
405 6 1735217 2085767 2259351 2930278 4453718 4956359 7344687 8380253 8454884 9181715 9437184 10485760
409 6 60429 1043752 2347272 3125243 3150516 3726824 4347879 5061367 5303491 6191638 7340032 8388608
413 5 141135 699097 1508289 1901546 2097420 3121991 7434610 7940873 8388608 9437184
417 4 3315106 3904520 5287115 5715575 6295958 7339002 7340032 8388608
421 5 1341312 1935581 2196333 3134437 3375743 4002076 8394931 9425879 9437184 10485760
425 5 690266 1018828 2311860 3139140 3245274 3913731 5421983 6233653 8388608 9437184
429 6 69681 978726 2107808 2924670 5245186 6277299 6332316 6913127 7884751 8373282 9437184 10485760
433 5 3147809 4190699 4431493 5071133 7548221 8279602 9150202 9412551 9437184 10485760
437 4 1129527 1619670 4204943 5225816 6382106 7150222 9437184 10485760
441 4 137655 818381 1466461 1817816 4308203 5096546 7340032 8388608
445 5 154850 671848 1055776 1619579 2460900 3082990 5562819 5941646 8388608 9437184
449 5 1071650 1891175 4402839 4860455 5496318 6283432 6585417 7327794 7340032 8388608
453 4 2421160 2828122 3191939 4176061 6326911 7138304 8388608 9437184
457 5 2268894 2675230 3382992 3847783 5671316 5967255 6574423 6852310 7340032 8388608
461 6 2622129 2979107 3334231 3715044 5386117 6262147 6703616 7107639 7509618 8205410 8388608 9437184
465 5 3704 478553 1114927 2029872 2578073 2853017 4455736 5239680 7340032 8388608
469 5 2191573 3060807 3243377 3543102 5412131 5988108 8587281 9235898 9437184 10485760
473 4 1157269 2064610 3169579 3865876 6474773 7086923 7340032 8388608
477 5 156557 488130 2537941 3094168 3501355 3796186 5571352 6226964 6291456 7340032
481 6 203207 947033 1082808 2093296 2101461 2485067 5265964 5854195 8400021 9382591 9437184 10485760
485 5 111072 426122 2125358 2789735 3592909 3945355 5336718 6009816 9437184 10485760
489 5 2629775 3025501 4619696 4989772 5249891 6261004 6583038 7186881 8388608 9437184
493 4 1135105 2073569 3240658 3567270 5388544 5878870 6291456 7340032
497 5 1121488 1881570 3728129 4187643 5431774 6097195 6372336 7071983 9437184 10485760
501 6 24155 1025421 3754183 4134988 4236280 5003347 5794858 6205991 7583792 8138929 9437184 10485760
505 3 1068724 1861023 2229299 2782788 7340032 8388608
509 4 209057 957755 1206579 1968088 4473498 5235043 8388608 9437184
513 5 550779 915367 1516180 1887278 3260765 3891500 8397891 9420515 9437184 10485760
517 7 515959 965213 1199437 1575278 2298664 3127701 3260225 3974571 4222156 5128090 5378668 6103843 7340032 8388608
521 3 1406054 2017834 5452917 6032599 7340032 8388608
525 5 3184570 3463929 4223692 4841602 7753054 8369321 8390010 9408189 9437184 10485760
529 6 1385787 1791931 4242104 4727837 5288348 6172386 6324602 6938547 8675806 9064560 9437184 10485760
533 5 61771 908716 1171791 1635159 3170810 3988907 4289174 5200303 5242880 6291456
537 5 119423 723541 3394364 3759335 5249639 6285367 6685230 7157042 9437184 10485760
541 4 2535217 2802685 3187732 3496248 4458658 5214317 6291456 7340032
545 5 2158008 3077410 6332966 7333204 7997808 8261381 8792183 9128459 9437184 10485760
549 5 254922 991452 1186642 1974594 2590154 2980968 4229162 5235611 6291456 7340032
553 5 4229048 5221906 5359601 6196856 7499458 8241857 8423199 9280149 9437184 10485760
557 5 167886 910320 1053078 1478855 6300404 7336916 7426875 8221075 8388608 9437184
561 4 208434 849181 5691293 6108569 8591042 9240771 9437184 10485760
565 5 1338961 1904629 2119294 2895854 3583291 4162097 7419701 8295480 9437184 10485760
569 5 25540 660960 3298643 3864723 4361799 5179281 5781708 6124410 7340032 8388608
573 5 163354 790622 1072337 2059100 2560557 2968467 3282861 4171685 9437184 10485760
577 6 2626587 3142300 4212218 5072297 5849097 6215160 6845983 7122790 8589460 9079142 9437184 10485760
581 5 1096737 2071001 3159134 3609284 6355897 7324947 8402393 9369280 9437184 10485760
585 6 317459 739758 2122405 3036728 3838921 4181299 4395518 5202867 7584361 8362601 9437184 10485760
589 5 619145 910803 2231577 2541031 4377215 5023567 5243320 6283567 6291456 7340032
593 5 1261294 2050629 2141656 3103606 3459798 3896663 7568616 8211743 9437184 10485760
597 5 1056260 2096665 2237627 2989765 5312704 6243762 7453730 8360142 8388608 9437184
601 5 44283 490960 4210224 5229936 5300894 5583913 7669185 8019335 8388608 9437184
605 5 1177732 1937796 3606804 4160172 4574935 4989029 5435681 6196131 9437184 10485760
609 5 672528 989301 5266963 6201865 7398149 8321059 8406445 9340829 9437184 10485760
613 6 324012 1006671 1363354 2075235 3223978 3758917 4580096 4935627 5837677 6278207 7340032 8388608
617 5 363343 964434 1408684 2087694 3547852 4032522 7367772 8372782 8388608 9437184
621 4 392074 948868 2322640 2962892 6764779 7323591 7340032 8388608
625 4 2173917 3131411 4198630 4683487 7541056 8354767 8388608 9437184
629 5 93328 623030 1466871 1980757 3167236 3522900 6462311 6942792 9437184 10485760
633 6 1549387 1894560 2175064 2752193 3460729 3856870 5691389 6214265 8686684 9258662 9437184 10485760
637 4 1053272 1875749 3559846 3828121 4208254 4592744 9437184 10485760
641 3 2344348 3115100 7811383 8094108 9437184 10485760
645 5 1283627 1909379 4222892 5216432 5412050 5696011 7720774 8284919 9437184 10485760
649 7 354140 683042 1108328 1822010 4253729 5163434 5832160 6220854 6801446 7298571 7518459 8050949 9437184 10485760
653 5 1075774 2087859 2427160 3067466 6323627 7283069 8943986 9365105 9437184 10485760
657 5 423559 839698 4301853 5031860 5406552 6239567 6407361 7317721 7340032 8388608
661 5 148267 1020256 1083525 2095030 5304179 6190801 7496899 8126398 8388608 9437184
665 5 1288549 2059005 2635265 3033079 4225252 5042240 6305391 7295740 8388608 9437184
669 5 3215358 3975814 4723587 5130982 5303295 6232815 6526900 7260829 7340032 8388608
673 6 356470 643007 3240366 3960755 4206916 4904152 5326079 6141768 6426291 7089002 9437184 10485760
677 4 31788 576300 6535157 7131100 8495320 9337453 9437184 10485760
681 5 147608 969785 1363818 1699294 4608811 4965028 5250939 6245439 8388608 9437184
685 6 16176 983220 1245905 1878190 3239566 4132230 4287200 4954881 8389160 9382193 9437184 10485760
689 5 1049108 2093461 2369387 2765151 4254063 5113793 7531108 8341741 9437184 10485760
693 4 1061254 1979067 4697585 4988955 5255475 5970550 9437184 10485760
697 4 243379 908092 3470897 4181942 6318005 7229459 8388608 9437184
701 7 180258 884965 1258681 1725724 2123531 3057345 4552447 4886317 5741713 6202410 7385372 8376047 8388608 9437184
705 6 229580 674329 1425453 1962322 2453476 2898370 5307358 6150942 6496963 6946321 8388608 9437184
709 7 129589 735331 1708611 2026601 2554777 3110599 3678687 4073432 4322489 5197087 6376818 6858363 9437184 10485760
713 6 268572 1018569 1136754 2050195 4430837 5139781 5469637 6222043 7532714 8223676 9437184 10485760
717 7 237949 738726 1073123 2093739 3643212 4125425 4735186 5242406 5387744 6265405 6533363 7287014 7340032 8388608
721 4 1105533 1865517 6590045 7197004 8548329 9283942 9437184 10485760
725 5 2128267 3134555 3748755 4177393 7648046 8235577 8915491 9390467 9437184 10485760
729 6 1264204 2043807 4226083 5067904 5283005 5931792 6820352 7192831 7555040 8159033 8388608 9437184
733 4 1752581 2096079 4904591 5178490 6371932 6920601 8388608 9437184
737 6 169177 774353 2261460 3112960 3362908 3823806 4297867 5128027 7403368 8114177 9437184 10485760
741 5 2543611 3139167 5306073 6266957 6642839 6975776 9026701 9307351 9437184 10485760
745 6 32550 992003 1077732 2060614 3245732 4145476 4278619 5087565 5706729 6161334 9437184 10485760
749 5 43637 753939 2409199 2986158 3185783 4011219 6481942 7323793 7340032 8388608
753 5 129389 836171 3646659 4162928 5621850 5920177 7432642 8356387 8388608 9437184
757 3 73234 436954 2124535 3116819 7340032 8388608
761 5 76342 1036126 1150122 1456158 2644859 3128324 7733946 8003704 8388608 9437184
765 5 23988 663834 3151061 4184760 5301116 6274120 7848104 8355151 8388608 9437184
769 4 1609085 2013579 4289385 5215852 5290297 6068297 7340032 8388608
773 5 75864 669280 1487518 2060904 3669840 4161521 4254044 5229199 6291456 7340032
777 5 190514 1006143 3293768 3852700 5255665 6248012 6327370 7324679 7340032 8388608
781 5 415912 930611 2255848 3030353 3184797 4168344 6685061 7128070 8388608 9437184
785 6 188678 640262 1630243 1897969 6456237 7187338 7381076 7772242 8991624 9388841 9437184 10485760
789 5 1159204 2073890 3722286 4062401 4330972 4860468 5583546 6246017 8388608 9437184
793 3 3275230 3647477 6843505 7289916 9437184 10485760
797 6 1311888 2065463 2241762 2804658 3418669 4129357 6306448 7321959 7673287 8255443 9437184 10485760
801 5 59366 712926 1404600 2021119 3269318 3793359 6448311 7014609 7340032 8388608
805 4 32785 983459 1542139 2041361 7536277 8212984 9437184 10485760
809 4 262144 885124 1766260 2042715 2151719 2661856 9437184 10485760
813 5 95352 566837 2495980 2811554 3420964 4110190 4561388 5144863 6291456 7340032
817 5 2103531 3144695 5381518 6261180 7437442 8333674 8677959 9189928 9437184 10485760
821 6 199429 525319 2103664 3142504 4233618 5014834 7799040 8234742 8489310 9285471 9437184 10485760
825 3 5818836 6168269 8767185 9306193 9437184 10485760
829 6 1562921 2023098 2103063 3130122 3182696 4123860 5568106 5852319 7526399 7959375 9437184 10485760
833 5 2178161 2942476 6350045 6867841 7521446 8353518 8717591 9260183 9437184 10485760
837 4 4640205 5092524 5559092 5978753 6366692 7283942 8388608 9437184
841 4 3403993 4187386 4334868 5155351 6694766 7198202 8388608 9437184
845 5 76232 1033316 5742868 6082365 6332920 7217840 7494053 7787849 8388608 9437184
849 5 98975 907952 2319307 2712662 3470285 4152281 6520996 6841856 7340032 8388608
853 4 329861 642387 7663627 8023509 8762581 9033615 9437184 10485760
857 7 209029 1044886 1571723 1925268 2574052 2934881 6380436 6971537 7424690 7996801 8682332 9015948 9437184 10485760
861 3 1646404 2074438 4232565 4913384 6291456 7340032
865 6 24057 507967 1104009 2083034 3277885 3822985 5265962 6194672 6440078 6789873 9437184 10485760
869 5 77325 820407 1214464 2000314 2523279 2904548 5515872 6053584 8388608 9437184
873 4 2540223 3101240 3235977 4189767 6348799 7324270 9437184 10485760
877 6 214967 1021283 1053777 2093173 2186496 2800007 6404183 7266309 7750405 8266127 8388608 9437184
881 5 475745 874778 1131348 2058774 5340688 5978349 6523983 7037493 8388608 9437184
885 5 74356 1028210 1128091 2052110 2220052 2515174 4376118 4997724 9437184 10485760
889 4 1130256 2008521 4410134 4845977 6307441 7326720 9437184 10485760
893 4 2161274 2753145 5576944 5849188 6292170 7276040 9437184 10485760
897 5 1218 867088 3294817 4041163 4616681 5016249 5802260 6103209 8388608 9437184
901 7 172663 711344 2137309 3120791 4335815 4995952 5254043 6248790 6903251 7309850 7402894 8148110 9470289 10384307
905 4 5614344 6203460 6372195 7110415 8416306 9207468 9437184 10485760
909 5 680129 993794 2480931 3144178 4295980 5001240 7439358 8009789 9437184 10485760
913 6 1378995 1819640 4203407 5180095 5439324 5876208 6530120 7140554 7353385 7764252 9437184 10485760
917 5 1239473 2046151 2099868 3032891 5673130 6090358 7488545 7981643 8388608 9437184
921 5 548600 968269 2424200 2990202 3319875 4167272 5561275 5993924 7340032 8388608
925 5 1639875 2083739 2266224 2985354 4230788 5099184 7366181 8344839 8388608 9437184
929 6 271585 1019018 2125645 2870365 3203077 3553992 5677983 6223425 6305487 7249079 9437184 10485760
933 3 6419184 6739684 7552136 8128772 8388608 9437184
937 5 81248 1032507 4216655 4944869 5315915 5950017 6531763 7284543 9437184 10485760
941 3 1062498 2022218 2346929 3132767 3145728 4194304
945 5 377027 644661 1346526 2036517 3164593 3999868 6388608 7008013 9437184 10485760
949 5 3718189 4039732 4201570 5195114 7463496 8336721 8731089 9269064 9437184 10485760
953 6 99454 999277 1050947 2028158 3272126 4113604 4600233 4917050 7704643 8362339 8388608 9437184
957 5 2161312 2925410 3155794 4106422 4456656 4798888 8442573 9274771 9437184 10485760
961 5 145734 691306 1149285 2028243 3579407 4156556 7402653 7753394 9437184 10485760
965 5 2099103 3143100 3161648 3562070 4613518 5169997 6327421 7305321 8388608 9437184
969 5 1184650 1736352 2163853 2944967 5425851 5926461 7392020 7808201 8388608 9437184
973 6 23388 671724 1127252 1694398 4200997 5083087 5881502 6255038 7668347 8152243 8388608 9437184
977 6 1081417 1940559 3209938 4035813 6644881 7334442 7376244 8251548 8456838 9353942 9437184 10485760
981 4 5815 1042592 1262944 1995788 5301830 6225449 7340032 8388608
985 5 1172885 1608665 2240727 2804696 5472998 6245416 6469001 6965641 9437184 10485760
989 5 1068686 1660932 5295538 6012111 6325619 7327117 7439855 8034950 8388608 9437184
993 5 2354169 3124935 3197135 4119910 4287922 5176948 5368960 6200914 9437184 10485760
997 5 333586 952079 1372072 1682060 4409163 5140687 5417504 5911708 7340032 8388608
