# worker 3/4 from /root/xue/T00-1MB-1000-10log
# rule: stripe_id % 4 == 3
3 7 69342 964538 1530317 1838022 2129874 2954293 3187041 3846107 4271158 5112158 5323950 6245270 8620723 9414897
7 5 1053174 2096495 2166028 2993330 4196698 5242142 6597395 7308784 7340032 8388608
11 4 1133274 1787495 3349840 4177563 4194453 5012713 9437184 10485760
15 3 346479 641561 1587707 1924150 3145728 4194304
19 5 1101621 1466429 3216583 4162550 4292097 4569715 6465845 6975850 7340032 8388608
23 4 439589 787698 3222231 4173680 4331348 5186175 9437184 10485760
27 4 1365681 1923267 2456688 2939693 7616839 8092470 8388608 9437184
31 5 1480898 1928694 2285225 2573359 6296898 7331385 8739832 9433688 9437184 10485760
35 5 1315671 1777127 3602967 3911653 4739479 5003396 5422935 6249686 6291456 7340032
39 5 1129743 2055573 2146113 2759727 4519802 5028223 5451682 5949378 7340032 8388608
43 6 1184467 1918543 3436510 3957903 5369914 6178680 6322814 7242151 7570651 8120731 8388608 9437184
47 5 350682 965283 3198722 4172997 4199712 5221215 6358369 7110607 7340032 8388608
51 6 327110 616179 1226138 2092048 2305113 2960794 4207301 5219192 7960891 8302723 9437184 10485760
55 5 3195402 4158192 4209351 4824232 6461857 7242318 7851265 8304081 9437184 10485760
59 5 1250515 1639175 2159833 2752853 4198693 5239804 7352165 8337997 8388608 9437184
63 5 1653626 1993450 3235702 4157867 6450553 6768910 7930212 8348801 8388608 9437184
67 5 1100433 1981016 2157327 2865261 3204660 4037819 5262408 6203646 7340032 8388608
71 5 1216902 1828545 2110862 3075691 3491552 3922333 7599800 8293585 9437184 10485760
75 4 1571160 1994754 5262007 6275564 7524951 8320685 9437184 10485760
79 3 6376917 7334989 7859421 8281058 8388608 9437184
83 6 76320 790071 2529219 3047422 5421609 6277171 6469696 6920643 8471412 8917129 9437184 10485760
87 6 114821 746400 1073496 2003182 4260004 5173199 6309383 7282214 7352767 8273676 8553092 9427772
91 5 3194417 4126128 4439484 4815237 5256000 6012523 7426016 8337801 9437184 10485760
95 4 1070970 1555523 5592589 5907768 7472072 7989616 9437184 10485760
99 5 56603 765727 3378282 4154510 6376170 6715374 7658955 8258857 8388608 9437184
103 6 348830 981748 3172700 3878325 5557667 6121412 7524395 8114165 8994599 9365376 9437184 10485760
107 5 4216574 5103903 5406017 5723325 6343635 6770835 8399301 9368152 9437184 10485760
111 4 328267 672055 3258262 4124133 6397473 7260870 9437184 10485760
115 4 1113340 2033936 2392711 3141345 6409133 7278893 9437184 10485760
119 5 28688 1032827 1323338 2046249 2257008 3067293 5624454 6053055 8388608 9437184
123 5 224597 675760 2498838 3119314 5343546 6115582 6435703 6935394 8388608 9437184
127 5 1084856 1981035 2124509 2648800 6354447 7288915 8679347 9330735 9437184 10485760
131 6 63883 641806 1298597 1610809 2432146 3134508 6411285 7326493 8504850 8832852 9437184 10485760
135 5 1062163 1983082 3232895 4105208 5289369 5691403 6577724 7209280 8388608 9437184
139 5 1620547 2071913 3314135 3884315 4278262 4647987 6637968 7243960 9437184 10485760
143 4 101446 906485 1079446 1930546 2503456 3040092 3145728 4194304
147 4 1116387 2091676 3213012 3836405 5410598 6250825 7340032 8388608
151 3 3254933 4117006 4202243 5112520 9437184 10485760
155 5 1293321 2077934 2258916 3044047 5255031 6038705 6703800 7060367 8388608 9437184
159 6 1182039 2075911 5505064 6188092 6338960 6643314 7483725 7786673 8410434 9420833 9437184 10485760
163 5 2130256 2646361 5426517 6289044 6491507 6868884 8851070 9133071 9437184 10485760
167 5 177372 1040850 2196686 3028406 4375253 5051094 5547441 5963176 8388608 9437184
171 7 1198215 1797127 2104906 3044323 3829712 4185662 5303755 6167921 6485098 7308389 7367895 8388282 9456739 10097496
175 5 1178624 1780088 2370605 2639910 3269208 3933558 6431437 7162017 8388608 9437184
179 5 1080611 2094497 5778047 6135550 7369201 8098467 8457784 9195386 9437184 10485760
183 4 2100794 2596445 5555736 5841719 6576902 7324540 8388608 9437184
187 5 291425 1001521 2121732 2903572 5580162 6203451 6341414 7307511 8388608 9437184
191 4 123014 584412 1051665 2096968 4321492 5085820 5242880 6291456
195 5 4202341 5240005 5331082 6076440 6302996 7333507 7486789 7926420 9437184 10485760
199 6 201255 716073 1114745 2026776 2237307 2871109 4235732 4914052 6504331 7157647 7340032 8388608
203 4 417643 830982 3459542 3802360 4785657 5218142 5242880 6291456
207 4 2263182 2933874 5298743 5939108 6296903 6655013 9437184 10485760
211 5 1113561 2031100 4355960 5240755 5722982 6190173 8530679 8904991 9437184 10485760
215 6 1393905 1921004 2540833 2964607 5281659 5939106 6604945 7337969 7550169 8314827 8388608 9437184
219 5 1287301 1909176 2643580 3122640 6474065 7242593 7391214 8152650 9437184 10485760
223 5 1108321 1850241 2448792 2986033 5407194 6182599 8490487 9378600 9437184 10485760
227 6 171198 963332 1263080 2044237 2161603 3141703 3378434 4076398 4281992 5056574 7340032 8388608
231 6 1265571 1744371 4792070 5116455 5521948 6151948 6604381 7161264 7384171 8211254 9437184 10485760
235 5 104258 926786 1499089 1989644 5761626 6245912 6460730 7004455 7340032 8388608
239 5 622518 1023807 1593252 2092574 3204063 4179220 7348486 7620368 8388608 9437184
243 5 298761 821126 2098909 3085069 3185265 4137797 4737203 5214772 5242880 6291456
247 6 4416379 5114135 5269243 6267288 6963108 7311683 7480975 8305747 8428632 9336748 9437184 10485760
251 6 1052444 2083126 2448436 2741362 4336900 5049223 5259623 6071067 7713494 8251360 8388608 9437184
255 4 540828 1036998 1468976 1779279 5730566 6064984 8388608 9437184
259 4 293418 704851 3191760 3551449 6724577 7229437 7340032 8388608
263 5 2236092 2984090 3240541 3628423 5561872 5989287 7385702 8386782 8388608 9437184
267 6 483388 790302 1224725 1539966 2210701 3074606 6304399 7326163 7355489 8137859 8388608 9437184
271 5 31608 982524 1328383 1870000 2098068 3133075 3553018 4045231 9437184 10485760
275 6 1075060 1951687 2255363 2870416 3217267 3817684 5700969 6128267 8452466 9384928 9437184 10485760
279 5 134562 764212 3147071 3522497 4598988 4911618 5462899 6184550 8388608 9437184
283 5 144090 1005778 1129101 1906041 3524084 3843380 4642681 4908825 8388608 9437184
287 4 1157100 1986994 5302521 6183037 6307442 7150079 9437184 10485760
291 4 1348566 1716606 4284447 5108243 8527091 9220084 9437184 10485760
295 4 3373056 4176790 6320924 6975141 7547516 8349959 8388608 9437184
299 5 600056 1033020 1280679 1767552 3175233 4116204 4221400 5194158 7340032 8388608
303 4 1193743 1796817 4538299 5074275 5262461 6270240 8388608 9437184
307 4 2440264 3054344 4427353 4783134 5359968 5994653 9437184 10485760
311 5 1273710 1990633 2322084 3007216 4395272 5158006 7379589 7646628 8388608 9437184
315 4 44298 835588 2481550 2872838 3148176 4155972 4194304 5242880
319 4 2124005 3123755 3229809 3801651 4769069 5072532 9437184 10485760
323 5 1191094 1931953 2458859 3125455 3366841 4130461 5347332 6289840 6291456 7340032
327 5 530126 956820 2357112 3111341 5321381 5756963 6459560 7237234 7340032 8388608
331 6 3336198 4094458 4223961 5236794 5345050 5726756 6320520 7273581 7697970 7962417 8388608 9437184
335 6 1052782 2080905 2503376 2874104 4273018 5224623 5327249 6224998 7571083 8361824 8388608 9437184
339 6 702812 1020598 1258188 1579686 3539041 4081132 7640570 8071466 8421449 9400179 9437184 10485760
343 5 1058336 2036299 3327965 3786168 4202722 5235652 8784129 9171424 9437184 10485760
347 4 115971 744490 6639461 7125322 8577769 9187061 9437184 10485760
351 5 1097162 2096185 3183539 3902062 4197114 5242429 6316362 6739729 7340032 8388608
355 5 409985 815135 1125902 1960279 2116036 3043025 4549398 5124076 7340032 8388608
359 4 1284844 2056450 2420292 3026731 3185793 4139391 9437184 10485760
363 4 123759 951795 4213785 5161601 7545814 8191546 8388608 9437184
367 6 546699 917082 2205895 3132382 6729169 7278093 7344346 8384438 8531306 9400189 9437184 10485760
371 5 134097 441481 1203856 2067344 2238420 2669520 6358649 7280913 9437184 10485760
375 5 197232 987154 2194868 2580236 4262633 5030443 6432826 7327759 7340032 8388608
379 5 2169388 3073135 4246399 5222209 6724757 7200489 8594073 9435140 9437184 10485760
383 5 68289 1018482 3518814 4081342 4209367 5098006 6809838 7255767 9437184 10485760
387 5 18975 866885 2174288 2964043 4255650 4874274 6359008 7159372 9437184 10485760
391 4 1310400 1785160 3239058 4149847 4306175 4731892 9437184 10485760
395 4 1116654 2021342 2672362 3130749 5367209 5904970 9437184 10485760
399 5 4612058 4924228 6462732 6828658 7565965 7891061 8638451 9167237 9437184 10485760
403 5 2489264 3132213 3282288 4159861 4411353 5145658 6484274 6921863 9437184 10485760
407 5 2392842 3133706 4468747 5186997 6375280 7308288 8469783 9291640 9437184 10485760
411 4 4198661 5239820 5459360 6003384 8460397 8919673 9437184 10485760
415 5 569578 906574 2192364 2947492 3407955 3871627 4200918 4863174 6291456 7340032
419 4 1057939 1574980 4803607 5109784 6322603 7309052 7340032 8388608
423 5 1618603 2076439 4364005 4990701 7355380 8385503 8843512 9394354 9437184 10485760
427 6 103550 566618 1647325 1942831 2206767 3141836 3490668 4160287 7474217 8250068 9437184 10485760
431 6 353628 991123 4418214 5161361 5417792 5789095 6868136 7319439 8653212 9336419 9437184 10485760
435 4 145836 944087 4344148 5204680 5341747 5766121 7340032 8388608
439 6 319588 638489 1059371 1871370 3428806 4025777 5282091 6136589 6554859 7159710 8388608 9437184
443 4 54209 1020731 1240081 1946339 5342751 5970122 6291456 7340032
447 5 297809 622982 1333035 1805624 2584698 2902505 6292548 7241255 9437184 10485760
451 5 15448 683569 2170603 3014643 4353381 4852065 5448844 6069376 8388608 9437184
455 6 2294214 2715696 3283663 3657764 4221774 4677638 5312836 6216689 6440102 7337268 9437184 10485760
459 5 239547 975237 4451961 4758581 7481031 8287074 8409187 9086159 9437184 10485760
463 4 1073747 2077526 4211070 5235396 5284796 6188744 7340032 8388608
467 4 155457 611419 3830738 4150620 4213556 4841673 8388608 9437184
471 4 1088210 2072460 5261701 6264984 7659241 8369183 8388608 9437184
475 6 1056208 1964267 3349168 3795472 4631468 5240181 5595449 6211945 7588806 8353331 8388608 9437184
479 5 2647759 3136542 3237485 3816632 5635273 6015100 6503371 6804726 7340032 8388608
483 5 1108586 1657659 4847509 5125650 6426213 7275167 7556644 7926136 8388608 9437184
487 4 1199279 1696088 4261950 5171004 7545593 8188841 8388608 9437184
491 4 3431216 4052183 4209780 5199775 6373134 6816771 8388608 9437184
495 6 133804 1037142 4261179 4947154 5275601 5846219 6579229 7228531 8389492 8707344 9437184 10485760
499 4 4670771 5121446 6402637 7198941 7458008 8299018 9437184 10485760
503 6 2282180 2985791 4345932 4917005 5279922 5717711 7379198 8370155 8388919 9436892 9437184 10485760
507 5 2605625 3115438 4747311 5199047 5602382 5899223 6443573 6794218 9437184 10485760
511 5 46376 976907 4514374 5229278 5278608 6224492 7481760 8095142 8388608 9437184
515 4 1314217 1769574 2341971 2912992 5252804 6207509 9437184 10485760
519 3 345852 766967 4495580 5168063 6291456 7340032
523 3 3171293 4163122 4855553 5229651 6291456 7340032
527 5 15063 414085 3198112 3640872 5673183 6257593 6769800 7133962 9437184 10485760
531 6 7574 276376 2190623 2640895 3188441 4191656 6365834 7250549 8638175 9336759 9437184 10485760
535 4 3320994 3846730 4313093 5222018 5352373 5659938 7340032 8388608
539 7 71566 627944 2585300 2963950 3364997 4107995 4554569 4996230 5552379 6045056 6332557 7227659 8388608 9437184
543 5 114298 802811 1424391 1825693 5368217 5940519 6303348 7244591 8388608 9437184
547 6 10714 922066 1240692 1886165 2683086 3129011 3150119 4151376 5428828 6278969 6291456 7340032
551 5 9696 1002783 1127480 1910062 2643132 3119454 7343006 8262896 9437184 10485760
555 5 2156443 3145102 4214421 5175289 5492341 5923572 6334606 6719346 8388608 9437184
559 5 323759 1007042 1516212 2009425 2145638 2782536 8417461 9021825 9437184 10485760
563 4 2253897 3131743 6442072 6794475 8706568 9186589 9437184 10485760
567 5 34983 814127 2191985 3082112 3271684 4143119 7454344 8309535 9437184 10485760
571 5 1192177 1467845 5316651 6122136 6545682 7198959 8567030 9261181 9437184 10485760
575 7 113054 581086 1740414 2036943 3301225 4101790 5734748 6059036 6556758 6943600 8458073 8765600 9437184 10485760
579 4 1593549 1971367 3665628 4070286 5612361 6253303 9437184 10485760
583 7 400984 955175 1086712 2097008 3217286 4101917 4246763 5184012 5492350 6127889 6397478 7292086 8896677 9223043
587 7 1083031 1382903 2680859 3128463 3185448 4139034 4205061 5207561 5468680 6246177 6619093 7022258 7340032 8388608
591 6 85489 912203 1531874 1833211 2152526 3104389 4329245 5187031 7479817 8183592 9437184 10485760
595 5 139215 995302 1272502 2033001 2461339 2943410 5926065 6268594 9437184 10485760
599 6 1408685 1939732 2159052 3051633 3270761 3958486 6448702 6829920 7369081 7832463 9437184 10485760
603 6 32054 923156 1221216 1811994 3247951 4122805 4195827 5242698 8832018 9341561 9437184 10485760
607 6 246898 603676 2207455 2781469 3605891 4036045 5284453 6208618 6344709 7282586 7340032 8388608
611 4 2167149 2930895 3236680 3772166 5285816 6268821 6291456 7340032
615 4 3597987 3996654 4420341 4899127 7721036 8279892 9437184 10485760
619 5 158600 820186 4546238 5222251 6360786 7011848 7350812 8199697 9437184 10485760
623 4 489824 923467 2157982 2877755 7361418 8142513 9437184 10485760
627 5 482589 829733 1091799 2096027 5480935 6246243 8513808 9434831 9437184 10485760
631 5 1298367 1967452 3440932 3984597 5353785 6245431 6734517 7091265 7340032 8388608
635 5 2625051 2972936 4313774 4592976 5250463 6289094 8579667 9030085 9437184 10485760
639 6 141677 534986 2297222 2573915 5259536 5639028 6303791 7295777 7559425 7849686 9437184 10485760
643 5 254856 936095 3300665 4101101 4214341 5236298 8452558 9426336 9437184 10485760
647 5 3363001 3795041 5605004 6163325 6291544 7339338 8451901 9413504 9437184 10485760
651 6 379205 856712 1354889 1781693 5271815 6276522 7470682 8263297 8391861 9422141 9437184 10485760
655 5 1134729 1818034 2129379 2846680 6310903 6985416 8472686 9427074 9437184 10485760
659 5 1069551 1998259 2126398 2413101 4349625 5177929 7466563 7999963 8388608 9437184
663 4 445526 772884 1547963 1946488 6759292 7246653 9437184 10485760
667 4 2351916 2922321 4344113 4635593 5861145 6272333 9437184 10485760
671 6 104354 1027215 1068816 2072721 2266276 3116717 4780827 5172765 5444654 5796086 9437184 10485760
675 5 28491 480907 2100985 3111078 4398744 4973389 6627043 6992727 8388608 9437184
679 5 1101911 1888796 5634318 6045744 6335545 7164381 7784368 8303582 9437184 10485760
683 5 3154050 3760606 4203067 5190663 5243148 6183136 7464951 8365454 9437184 10485760
687 4 1238892 2018831 3440122 3740849 4303925 5082846 9437184 10485760
691 4 2296124 3100651 7575487 7883207 8680041 8991431 9437184 10485760
695 6 1138265 1531298 3180691 3506469 4358552 5016423 5247141 6236329 7405046 7800920 9437184 10485760
699 6 2117496 3139462 3243205 3971571 4338664 4855771 5306309 5614664 8715414 9111440 9437184 10485760
703 4 3152780 3608118 5248066 5890651 6666727 7006183 7340032 8388608
707 6 1243794 1893534 2119612 3074769 3355187 4169853 5356576 6272196 7344316 8351936 9468246 10368323
711 5 3249356 4180602 4364628 5239122 7557296 7857822 8601469 9093802 9437184 10485760
715 5 377735 714693 1621125 1923409 3495698 3967878 4539538 5007880 6291456 7340032
719 5 178164 812198 2536659 3035247 3357209 4065752 4229536 5215741 5242880 6291456
723 4 1394380 1961770 3164072 3976084 4224426 4963319 6291456 7340032
727 5 181813 922429 1095214 2091693 2302195 2876236 5288788 6193737 9437184 10485760
731 5 143110 525507 2448579 3053723 3146678 4193865 6533339 7303789 7340032 8388608
735 5 1223 890630 1444303 1757475 3407557 3881238 4319367 4974354 6291456 7340032
739 4 1145301 2061661 3216329 3524546 4625370 5116691 5242880 6291456
743 4 1442576 1863758 4234052 4710509 5708160 6219932 7340032 8388608
747 6 1134642 1723378 3152200 4171073 5687493 6206459 6552519 6999669 8538215 9118183 9437184 10485760
751 5 525021 800622 1060839 2088830 2309255 3086725 3352638 4050801 7340032 8388608
755 6 1496183 1932205 3508449 4035747 4456787 5035831 6464074 7285320 7647306 8310832 9437184 10485760
759 5 201205 654954 2570203 3104297 3376797 4067590 5362544 6281974 9437184 10485760
763 4 4567627 4889793 5665597 6274038 6294690 6661877 8388608 9437184
767 6 436393 1014523 1120501 2088401 3233836 3985458 7400680 8130789 8514909 9282643 9437184 10485760
771 5 1170322 1629762 4290704 5153513 5571474 5967224 7642502 8303309 9437184 10485760
775 5 2121839 3122327 3495055 3818868 7560875 7983138 8395983 9426374 9437184 10485760
779 5 2106728 2574031 3526338 4168303 5269605 6135395 6310802 7284213 8388608 9437184
783 5 4815982 5177272 5645491 6097528 6518816 7288671 7639622 8214622 9437184 10485760
787 7 70005 1023325 1121900 1850576 2225718 3092965 5263388 6254398 6383761 7193960 7622208 8202160 9972576 10285052
791 5 1461601 2055472 2295826 3012661 3778656 4067968 5324170 5845834 8388608 9437184
795 4 2105863 3145313 5398755 6239368 6541468 7225822 9437184 10485760
799 6 16343 996889 2104439 2791750 3195583 4103950 4194363 5238657 6319307 7330302 8756968 9368335
803 6 156421 763076 3201912 3835139 4561013 4828561 5248980 6268650 7525909 8209651 8388608 9437184
807 5 413711 816028 1222227 1925879 2265251 2560536 3171810 4132520 9437184 10485760
811 5 367502 905977 2547157 3068670 3642640 4112834 4201058 5203979 6291456 7340032
815 5 42875 495599 2151814 2414519 3187885 4142540 5542056 6026474 6291456 7340032
819 7 380292 958556 2203057 2962434 3334673 4156292 4240243 4663524 6492475 6888660 7628650 8329321 9437184 10485760
823 5 1419905 1992808 4483790 5027492 6470876 6857908 8436436 8933387 9437184 10485760
827 4 3129 1047269 1082306 2030034 5326019 6244812 8388608 9437184
831 5 138599 446607 1136232 1658782 5317662 5860464 6370051 7290055 9437184 10485760
835 5 1408639 2074216 2104518 3116237 4283201 5061056 5478308 5855937 8388608 9437184
839 5 605912 986717 6437457 7147818 7434872 7848711 8455473 9056363 9437184 10485760
843 5 73059 713590 1289952 1861108 2675442 3088727 7467170 8170845 8388608 9437184
847 5 2104077 2831761 4252639 4815482 5305795 5731398 6295665 7231471 7340032 8388608
851 5 87941 982575 1299741 1591296 2182485 2740544 4222213 5052232 8388608 9437184
855 5 485602 906644 1704935 2049657 2339970 2699936 6439161 6927427 7340032 8388608
859 5 3162634 4138422 4386577 5110962 5464348 6263865 6373676 7290794 8388608 9437184
863 5 2429849 2759596 3462591 4083792 6402938 7174999 7388612 8387161 9437184 10485760
867 4 86262 659733 1414818 1885214 2349662 3051265 6291456 7340032
871 4 8488 652098 2258090 2836845 3360437 4149055 9437184 10485760
875 5 233705 718011 3434918 4173775 4254335 4916070 6783840 7251043 8388608 9437184
879 5 1079606 1870501 3221347 4145604 5571775 6244973 6730462 7265477 7340032 8388608
883 6 469030 1005895 1145859 1597404 2615405 2958689 7449069 8090165 8441388 9113315 9437184 10485760
887 5 343450 636524 1279012 1686451 2229881 2579521 3289208 3831941 5242880 6291456
891 5 307688 835188 1202440 1894299 2236218 3131578 4403131 5034639 7340032 8388608
895 5 1475028 2070391 3249615 3847430 5294952 5763794 6552892 7332963 9437184 10485760
899 5 3537796 3927250 4221237 5131376 5477776 5770630 6302357 6614658 7340032 8388608
903 6 292822 925123 1264468 1780761 2102264 3093131 3664359 4005297 6514252 6839590 7340032 8388608
907 4 1531808 1811345 7619746 8078004 8887982 9180100 9437184 10485760
911 6 118732 669716 3251780 4164272 4400289 5073378 6522025 6890394 8397398 9429117 9437184 10485760
915 5 178270 1035236 1486544 2053465 3673315 4174835 6445159 6882734 7340032 8388608
919 5 2270793 2898727 5551763 6223927 7484865 8184573 8488522 9075014 9437184 10485760
923 5 411704 970873 1222987 2011509 2137794 2987926 4478120 4830445 9437184 10485760
927 6 1293649 2084081 2144017 3124606 3331427 4084701 4438911 5149498 6506549 7209625 7340032 8388608
931 5 1068862 2039508 2426530 3004182 6668493 7256629 7848544 8117452 8388608 9437184
935 4 2249214 3015163 3495708 4061361 7957395 8324417 9437184 10485760
939 5 2303684 2883473 5919352 6253019 7537438 8306825 8483176 9239988 9437184 10485760
943 6 336759 781425 1519921 1894955 4264147 4922263 5318086 6248587 7392391 8238034 8388608 9437184
947 6 133370 477453 4272482 5076998 6415111 6783069 7460918 8245999 9019315 9335438 9437184 10485760
951 4 591246 929843 3154997 4056774 5279980 5904769 7340032 8388608
955 5 238158 510839 3426860 4122134 4206304 5064090 9143401 9421167 9437184 10485760
959 5 326039 1018973 1195263 1967232 2310594 2654994 8934910 9340846 9437184 10485760
963 5 137642 752336 4251069 5132878 5600386 5891203 8408974 9432160 9437184 10485760
967 5 42072 997090 1492958 2032468 2562519 3012132 4203356 4950701 9437184 10485760
971 7 61524 953420 2154385 2783247 4725866 5069252 5302220 6029735 7360335 8158338 8602561 9113195 9437184 10485760
975 7 123818 1022554 3214468 4167830 4309914 5117669 5384009 5978488 6598757 7065398 7684682 8202708 8404538 9408419
979 4 4326841 4694886 5695256 5993130 7015022 7302259 7340032 8388608
983 6 2630528 3077978 3164998 4184772 5648157 6203167 6535001 6898750 7598659 8172595 9437184 10485760
987 7 295528 770680 2208957 3070011 3160304 4190099 6324532 7132872 7494666 8232705 8514374 8891457 9495433 10448850
991 4 35264 752824 1157914 1934584 3157400 4164023 8388608 9437184
995 5 2313160 3088240 3176511 4159259 5547942 5840455 6557525 7100607 8388608 9437184
999 6 561720 988482 1168813 1845696 2517256 3083683 3537769 3969157 4411042 5020791 9437184 10485760
